Archive member included to satisfy reference by file (symbol)

/usr/lib/gcc/arm-none-eabi/12.2.1/../../../arm-none-eabi/lib/thumb/v7e-m+fp/hard/libc_nano.a(lib_a-atexit.o)
                              /usr/lib/gcc/arm-none-eabi/12.2.1/../../../arm-none-eabi/lib/thumb/v7e-m+fp/hard/crt0.o (atexit)
/usr/lib/gcc/arm-none-eabi/12.2.1/../../../arm-none-eabi/lib/thumb/v7e-m+fp/hard/libc_nano.a(lib_a-exit.o)
                              /usr/lib/gcc/arm-none-eabi/12.2.1/../../../arm-none-eabi/lib/thumb/v7e-m+fp/hard/crt0.o (exit)
/usr/lib/gcc/arm-none-eabi/12.2.1/../../../arm-none-eabi/lib/thumb/v7e-m+fp/hard/libc_nano.a(lib_a-fini.o)
                              /usr/lib/gcc/arm-none-eabi/12.2.1/../../../arm-none-eabi/lib/thumb/v7e-m+fp/hard/crt0.o (__libc_fini_array)
/usr/lib/gcc/arm-none-eabi/12.2.1/../../../arm-none-eabi/lib/thumb/v7e-m+fp/hard/libc_nano.a(lib_a-impure.o)
                              /usr/lib/gcc/arm-none-eabi/12.2.1/../../../arm-none-eabi/lib/thumb/v7e-m+fp/hard/libc_nano.a(lib_a-exit.o) (_global_impure_ptr)
/usr/lib/gcc/arm-none-eabi/12.2.1/../../../arm-none-eabi/lib/thumb/v7e-m+fp/hard/libc_nano.a(lib_a-init.o)
                              /usr/lib/gcc/arm-none-eabi/12.2.1/../../../arm-none-eabi/lib/thumb/v7e-m+fp/hard/crt0.o (__libc_init_array)
/usr/lib/gcc/arm-none-eabi/12.2.1/../../../arm-none-eabi/lib/thumb/v7e-m+fp/hard/libc_nano.a(lib_a-memset.o)
                              /usr/lib/gcc/arm-none-eabi/12.2.1/../../../arm-none-eabi/lib/thumb/v7e-m+fp/hard/crt0.o (memset)
/usr/lib/gcc/arm-none-eabi/12.2.1/../../../arm-none-eabi/lib/thumb/v7e-m+fp/hard/libc_nano.a(lib_a-printf.o)
                              build/GaussNewton.o (printf)
/usr/lib/gcc/arm-none-eabi/12.2.1/../../../arm-none-eabi/lib/thumb/v7e-m+fp/hard/libc_nano.a(lib_a-puts.o)
                              build/GaussNewton.o (puts)
/usr/lib/gcc/arm-none-eabi/12.2.1/../../../arm-none-eabi/lib/thumb/v7e-m+fp/hard/libc_nano.a(lib_a-vsprintf.o)
                              build/Serial.o (vsprintf)
/usr/lib/gcc/arm-none-eabi/12.2.1/../../../arm-none-eabi/lib/thumb/v7e-m+fp/hard/libc_nano.a(lib_a-wbuf.o)
                              /usr/lib/gcc/arm-none-eabi/12.2.1/../../../arm-none-eabi/lib/thumb/v7e-m+fp/hard/libc_nano.a(lib_a-puts.o) (__swbuf_r)
/usr/lib/gcc/arm-none-eabi/12.2.1/../../../arm-none-eabi/lib/thumb/v7e-m+fp/hard/libc_nano.a(lib_a-wsetup.o)
                              /usr/lib/gcc/arm-none-eabi/12.2.1/../../../arm-none-eabi/lib/thumb/v7e-m+fp/hard/libc_nano.a(lib_a-puts.o) (__swsetup_r)
/usr/lib/gcc/arm-none-eabi/12.2.1/../../../arm-none-eabi/lib/thumb/v7e-m+fp/hard/libc_nano.a(lib_a-__atexit.o)
                              /usr/lib/gcc/arm-none-eabi/12.2.1/../../../arm-none-eabi/lib/thumb/v7e-m+fp/hard/libc_nano.a(lib_a-atexit.o) (__register_exitproc)
/usr/lib/gcc/arm-none-eabi/12.2.1/../../../arm-none-eabi/lib/thumb/v7e-m+fp/hard/libc_nano.a(lib_a-__call_atexit.o)
                              /usr/lib/gcc/arm-none-eabi/12.2.1/../../../arm-none-eabi/lib/thumb/v7e-m+fp/hard/libc_nano.a(lib_a-__atexit.o) (__call_exitprocs)
/usr/lib/gcc/arm-none-eabi/12.2.1/../../../arm-none-eabi/lib/thumb/v7e-m+fp/hard/libc_nano.a(lib_a-fflush.o)
                              /usr/lib/gcc/arm-none-eabi/12.2.1/../../../arm-none-eabi/lib/thumb/v7e-m+fp/hard/libc_nano.a(lib_a-wbuf.o) (_fflush_r)
/usr/lib/gcc/arm-none-eabi/12.2.1/../../../arm-none-eabi/lib/thumb/v7e-m+fp/hard/libc_nano.a(lib_a-findfp.o)
                              /usr/lib/gcc/arm-none-eabi/12.2.1/../../../arm-none-eabi/lib/thumb/v7e-m+fp/hard/libc_nano.a(lib_a-printf.o) (__sinit)
/usr/lib/gcc/arm-none-eabi/12.2.1/../../../arm-none-eabi/lib/thumb/v7e-m+fp/hard/libc_nano.a(lib_a-fwalk.o)
                              /usr/lib/gcc/arm-none-eabi/12.2.1/../../../arm-none-eabi/lib/thumb/v7e-m+fp/hard/libc_nano.a(lib_a-findfp.o) (_fwalk)
/usr/lib/gcc/arm-none-eabi/12.2.1/../../../arm-none-eabi/lib/thumb/v7e-m+fp/hard/libc_nano.a(lib_a-makebuf.o)
                              /usr/lib/gcc/arm-none-eabi/12.2.1/../../../arm-none-eabi/lib/thumb/v7e-m+fp/hard/libc_nano.a(lib_a-wsetup.o) (__smakebuf_r)
/usr/lib/gcc/arm-none-eabi/12.2.1/../../../arm-none-eabi/lib/thumb/v7e-m+fp/hard/libc_nano.a(lib_a-nano-freer.o)
                              /usr/lib/gcc/arm-none-eabi/12.2.1/../../../arm-none-eabi/lib/thumb/v7e-m+fp/hard/libc_nano.a(lib_a-wsetup.o) (_free_r)
/usr/lib/gcc/arm-none-eabi/12.2.1/../../../arm-none-eabi/lib/thumb/v7e-m+fp/hard/libc_nano.a(lib_a-nano-mallocr.o)
                              /usr/lib/gcc/arm-none-eabi/12.2.1/../../../arm-none-eabi/lib/thumb/v7e-m+fp/hard/libc_nano.a(lib_a-findfp.o) (_malloc_r)
/usr/lib/gcc/arm-none-eabi/12.2.1/../../../arm-none-eabi/lib/thumb/v7e-m+fp/hard/libc_nano.a(lib_a-nano-svfprintf.o)
                              /usr/lib/gcc/arm-none-eabi/12.2.1/../../../arm-none-eabi/lib/thumb/v7e-m+fp/hard/libc_nano.a(lib_a-vsprintf.o) (_svfprintf_r)
[...]
Memory Configuration

Name             Origin             Length             Attributes
RAM              0x0000000020000000 0x0000000000018000 xrw
FLASH            0x0000000008000000 0x0000000000080000 xr
*default*        0x0000000000000000 0xffffffffffffffff

Linker script and memory map

LOAD /usr/lib/gcc/arm-none-eabi/12.2.1/thumb/v7e-m+fp/hard/crti.o
LOAD /usr/lib/gcc/arm-none-eabi/12.2.1/thumb/v7e-m+fp/hard/crtbegin.o
LOAD /usr/lib/gcc/arm-none-eabi/12.2.1/../../../arm-none-eabi/lib/thumb/v7e-m+fp/hard/crt0.o
LOAD build/system_stm32f4xx.o
LOAD build/stm32f4xx_crc.o
LOAD build/stm32f4xx_gpio.o
LOAD build/stm32f4xx_cryp_aes.o
LOAD build/stm32f4xx_flash.o
LOAD build/stm32f4xx_fmpi2c.o
LOAD build/stm32f4xx_sdio.o
LOAD build/stm32f4xx_dma2d.o
LOAD build/stm32f4xx_rtc.o
LOAD build/stm32f4xx_wwdg.o
LOAD build/stm32f4xx_ltdc.o
LOAD build/stm32f4xx_i2c.o
LOAD build/stm32f4xx_dsi.o
LOAD build/stm32f4xx_hash.o
LOAD build/stm32f4xx_rcc.o
LOAD build/stm32f4xx_syscfg.o
LOAD build/stm32f4xx_cryp_tdes.o
LOAD build/stm32f4xx_iwdg.o
LOAD build/stm32f4xx_cryp.o
LOAD build/misc.o
LOAD build/stm32f4xx_dac.o
LOAD build/stm32f4xx_flash_ramfunc.o
LOAD build/stm32f4xx_pwr.o
LOAD build/stm32f4xx_rng.o
LOAD build/stm32f4xx_sai.o
LOAD build/stm32f4xx_hash_md5.o
LOAD build/stm32f4xx_dfsdm.o
LOAD build/stm32f4xx_can.o
LOAD build/stm32f4xx_spdifrx.o
LOAD build/stm32f4xx_exti.o
LOAD build/stm32f4xx_adc.o
LOAD build/stm32f4xx_tim.o
LOAD build/stm32f4xx_dma.o
LOAD build/stm32f4xx_lptim.o
LOAD build/stm32f4xx_cryp_des.o
LOAD build/stm32f4xx_usart.o
LOAD build/stm32f4xx_cec.o
LOAD build/stm32f4xx_qspi.o
LOAD build/stm32f4xx_spi.o
LOAD build/stm32f4xx_hash_sha1.o
LOAD build/stm32f4xx_dcmi.o
LOAD build/stm32f4xx_dbgmcu.o
LOAD build/main.o
LOAD build/GaussNewton.o
LOAD build/stm32f4xx_it.o
LOAD build/Receiver.o
LOAD build/TTL_USB.o
LOAD build/HMC5883L.o
LOAD build/Delay.o
LOAD build/My_I2C.o
LOAD build/Serial.o
LOAD build/gy86.o
LOAD build/PWM.o
LOAD build/startup_stm32f401xe.o
LOAD /usr/lib/gcc/arm-none-eabi/12.2.1/../../../arm-none-eabi/lib/thumb/v7e-m+fp/hard/libc_nano.a
LOAD /usr/lib/gcc/arm-none-eabi/12.2.1/../../../arm-none-eabi/lib/thumb/v7e-m+fp/hard/libm.a
LOAD /usr/lib/gcc/arm-none-eabi/12.2.1/../../../arm-none-eabi/lib/thumb/v7e-m+fp/hard/libnosys.a
START GROUP
LOAD /usr/lib/gcc/arm-none-eabi/12.2.1/thumb/v7e-m+fp/hard/libgcc.a
LOAD /usr/lib/gcc/arm-none-eabi/12.2.1/../../../arm-none-eabi/lib/thumb/v7e-m+fp/hard/libc_nano.a
END GROUP
START GROUP
LOAD /usr/lib/gcc/arm-none-eabi/12.2.1/thumb/v7e-m+fp/hard/libgcc.a
LOAD /usr/lib/gcc/arm-none-eabi/12.2.1/../../../arm-none-eabi/lib/thumb/v7e-m+fp/hard/libc_nano.a
END GROUP
LOAD /usr/lib/gcc/arm-none-eabi/12.2.1/thumb/v7e-m+fp/hard/crtend.o
LOAD /usr/lib/gcc/arm-none-eabi/12.2.1/thumb/v7e-m+fp/hard/crtn.o
                0x0000000020018000                _estack = (ORIGIN (RAM) + LENGTH (RAM))
                0x0000000000000200                _Min_Heap_Size = 0x200
                0x0000000000000400                _Min_Stack_Size = 0x400

.isr_vector     0x0000000008000000      0x194
                0x0000000008000000                . = ALIGN (0x4)
 *(.isr_vector)
 .isr_vector    0x0000000008000000      0x194 build/startup_stm32f401xe.o
                0x0000000008000000                g_pfnVectors
                0x0000000008000194                . = ALIGN (0x4)

.text           0x00000000080001a0     0x1c8c
                0x00000000080001a0                . = ALIGN (0x4)
 *(.text)
 .text          0x00000000080001a0       0x88 /usr/lib/gcc/arm-none-eabi/12.2.1/thumb/v7e-m+fp/hard/crtbegin.o
 .text          0x0000000008000228       0x48 /usr/lib/gcc/arm-none-eabi/12.2.1/../../../arm-none-eabi/lib/thumb/v7e-m+fp/hard/libc_nano.a(lib_a-init.o)
                0x0000000008000228                __libc_init_array
 .text          0x0000000008000270       0x60 /usr/lib/gcc/arm-none-eabi/12.2.1/../../../arm-none-eabi/lib/thumb/v7e-m+fp/hard/libc_nano.a(lib_a-vsprintf.o)
                0x0000000008000270                vsprintf
                0x0000000008000270                vsiprintf
                0x00000000080002a8                _vsiprintf_r
                0x00000000080002a8                _vsprintf_r
 .text          0x00000000080002d0       0xc4 /usr/lib/gcc/arm-none-eabi/12.2.1/../../../arm-none-eabi/lib/thumb/v7e-m+fp/hard/libc_nano.a(lib_a-nano-freer.o)
                0x00000000080002d0                _free_r
 .text          0x0000000008000394       0xb4 /usr/lib/gcc/arm-none-eabi/12.2.1/../../../arm-none-eabi/lib/thumb/v7e-m+fp/hard/libc_nano.a(lib_a-nano-mallocr.o)
                0x0000000008000394                _malloc_r
 .text          0x0000000008000448      0x3f0 /usr/lib/gcc/arm-none-eabi/12.2.1/../../../arm-none-eabi/lib/thumb/v7e-m+fp/hard/libc_nano.a(lib_a-nano-svfprintf.o)
                0x0000000008000448                __ssputs_r
                0x000000000800050c                __ssprint_r
                0x0000000008000604                _svfprintf_r
                0x0000000008000604                _svfiprintf_r
 .text          0x0000000008000838      0x3dc /usr/lib/gcc/arm-none-eabi/12.2.1/../../../arm-none-eabi/lib/thumb/v7e-m+fp/hard/libc_nano.a(lib_a-nano-vfprintf_i.o)
                0x0000000008000838                _printf_common
                0x0000000008000964                _printf_i
 .text          0x0000000008000c14       0x24 /usr/lib/gcc/arm-none-eabi/12.2.1/../../../arm-none-eabi/lib/thumb/v7e-m+fp/hard/libc_nano.a(lib_a-sbrkr.o)
                0x0000000008000c14                _sbrk_r
 *fill*         0x0000000008000c38        0x8 
 .text          0x0000000008000c40       0xa0 /usr/lib/gcc/arm-none-eabi/12.2.1/../../../arm-none-eabi/lib/thumb/v7e-m+fp/hard/libc_nano.a(lib_a-memchr.o)
                0x0000000008000c40                memchr
 .text          0x0000000008000ce0      0x134 /usr/lib/gcc/arm-none-eabi/12.2.1/../../../arm-none-eabi/lib/thumb/v7e-m+fp/hard/libc_nano.a(lib_a-memcpy.o)
                0x0000000008000ce0                memcpy
 .text          0x0000000008000e14       0xf8 /usr/lib/gcc/arm-none-eabi/12.2.1/../../../arm-none-eabi/lib/thumb/v7e-m+fp/hard/libc_nano.a(lib_a-memmove.o)
                0x0000000008000e14                memmove
 .text          0x0000000008000f0c        0x8 /usr/lib/gcc/arm-none-eabi/12.2.1/../../../arm-none-eabi/lib/thumb/v7e-m+fp/hard/libc_nano.a(lib_a-mlock.o)
                0x0000000008000f0c                __malloc_lock
                0x0000000008000f10                __malloc_unlock
 .text          0x0000000008000f14       0x50 /usr/lib/gcc/arm-none-eabi/12.2.1/../../../arm-none-eabi/lib/thumb/v7e-m+fp/hard/libc_nano.a(lib_a-nano-reallocr.o)
                0x0000000008000f14                _realloc_r
 .text          0x0000000008000f64       0x14 /usr/lib/gcc/arm-none-eabi/12.2.1/../../../arm-none-eabi/lib/thumb/v7e-m+fp/hard/libc_nano.a(lib_a-nano-msizer.o)
                0x0000000008000f64                _malloc_usable_size_r
 .text          0x0000000008000f78       0x1c /usr/lib/gcc/arm-none-eabi/12.2.1/../../../arm-none-eabi/lib/thumb/v7e-m+fp/hard/libnosys.a(sbrk.o)
                0x0000000008000f78                _sbrk
 *(.text*)
 .text.SystemInit
                0x0000000008000f94       0x14 build/system_stm32f4xx.o
                0x0000000008000f94                SystemInit
 .text.GPIO_Init
                0x0000000008000fa8       0xa4 build/stm32f4xx_gpio.o
                0x0000000008000fa8                GPIO_Init
 .text.GPIO_ReadInputDataBit
                0x000000000800104c        0xe build/stm32f4xx_gpio.o
                0x000000000800104c                GPIO_ReadInputDataBit
 .text.GPIO_SetBits
                0x000000000800105a        0x4 build/stm32f4xx_gpio.o
                0x000000000800105a                GPIO_SetBits
 .text.GPIO_WriteBit
                0x000000000800105e        0xc build/stm32f4xx_gpio.o
                0x000000000800105e                GPIO_WriteBit
 .text.GPIO_PinAFConfig
                0x000000000800106a       0x32 build/stm32f4xx_gpio.o
                0x000000000800106a                GPIO_PinAFConfig
 .text.RCC_GetClocksFreq
                0x000000000800109c       0xb8 build/stm32f4xx_rcc.o
                0x000000000800109c                RCC_GetClocksFreq
 .text.RCC_AHB1PeriphClockCmd
                0x0000000008001154       0x1c build/stm32f4xx_rcc.o
                0x0000000008001154                RCC_AHB1PeriphClockCmd
 .text.RCC_APB1PeriphClockCmd
                0x0000000008001170       0x1c build/stm32f4xx_rcc.o
                0x0000000008001170                RCC_APB1PeriphClockCmd
 .text.RCC_APB2PeriphClockCmd
                0x000000000800118c       0x1c build/stm32f4xx_rcc.o
                0x000000000800118c                RCC_APB2PeriphClockCmd
 .text.TI1_Config
                0x00000000080011a8       0x4c build/stm32f4xx_tim.o
 .text.TI2_Config
                0x00000000080011f4       0x56 build/stm32f4xx_tim.o
 .text.TI3_Config
                0x000000000800124a       0x50 build/stm32f4xx_tim.o
 .text.TI4_Config
                0x000000000800129a       0x58 build/stm32f4xx_tim.o
 *fill*         0x00000000080012f2        0x2 
 .text.TIM_TimeBaseInit
                0x00000000080012f4       0x7c build/stm32f4xx_tim.o
                0x00000000080012f4                TIM_TimeBaseInit
 .text.TIM_ARRPreloadConfig
                0x0000000008001370       0x1c build/stm32f4xx_tim.o
                0x0000000008001370                TIM_ARRPreloadConfig
 .text.TIM_Cmd  0x000000000800138c       0x1c build/stm32f4xx_tim.o
                0x000000000800138c                TIM_Cmd
 .text.TIM_OC1Init
                0x00000000080013a8       0x7c build/stm32f4xx_tim.o
                0x00000000080013a8                TIM_OC1Init
 .text.TIM_OC2Init
                0x0000000008001424       0x98 build/stm32f4xx_tim.o
                0x0000000008001424                TIM_OC2Init
 .text.TIM_OC3Init
                0x00000000080014bc       0x94 build/stm32f4xx_tim.o
                0x00000000080014bc                TIM_OC3Init
 .text.TIM_OC4Init
                0x0000000008001550       0x7c build/stm32f4xx_tim.o
                0x0000000008001550                TIM_OC4Init
 .text.TIM_OCStructInit
                0x00000000080015cc       0x14 build/stm32f4xx_tim.o
                0x00000000080015cc                TIM_OCStructInit
 .text.TIM_SetCompare1
                0x00000000080015e0        0x4 build/stm32f4xx_tim.o
                0x00000000080015e0                TIM_SetCompare1
 .text.TIM_SetCompare2
                0x00000000080015e4        0x4 build/stm32f4xx_tim.o
                0x00000000080015e4                TIM_SetCompare2
 .text.TIM_SetCompare3
                0x00000000080015e8        0x4 build/stm32f4xx_tim.o
                0x00000000080015e8                TIM_SetCompare3
 .text.TIM_SetCompare4
                0x00000000080015ec        0x4 build/stm32f4xx_tim.o
                0x00000000080015ec                TIM_SetCompare4
 .text.TIM_OC1PreloadConfig
                0x00000000080015f0        0xe build/stm32f4xx_tim.o
                0x00000000080015f0                TIM_OC1PreloadConfig
 .text.TIM_OC2PreloadConfig
                0x00000000080015fe       0x12 build/stm32f4xx_tim.o
                0x00000000080015fe                TIM_OC2PreloadConfig
 .text.TIM_OC3PreloadConfig
                0x0000000008001610        0xe build/stm32f4xx_tim.o
                0x0000000008001610                TIM_OC3PreloadConfig
 .text.TIM_OC4PreloadConfig
                0x000000000800161e       0x12 build/stm32f4xx_tim.o
                0x000000000800161e                TIM_OC4PreloadConfig
 .text.TIM_GetCapture1
                0x0000000008001630        0x4 build/stm32f4xx_tim.o
                0x0000000008001630                TIM_GetCapture1
 .text.TIM_GetCapture2
                0x0000000008001634        0x4 build/stm32f4xx_tim.o
                0x0000000008001634                TIM_GetCapture2
 .text.TIM_SetIC1Prescaler
                0x0000000008001638       0x16 build/stm32f4xx_tim.o
                0x0000000008001638                TIM_SetIC1Prescaler
 .text.TIM_SetIC2Prescaler
                0x000000000800164e       0x1a build/stm32f4xx_tim.o
                0x000000000800164e                TIM_SetIC2Prescaler
 .text.TIM_SetIC3Prescaler
                0x0000000008001668       0x16 build/stm32f4xx_tim.o
                0x0000000008001668                TIM_SetIC3Prescaler
 .text.TIM_SetIC4Prescaler
                0x000000000800167e       0x1a build/stm32f4xx_tim.o
                0x000000000800167e                TIM_SetIC4Prescaler
 .text.TIM_ICInit
                0x0000000008001698       0x62 build/stm32f4xx_tim.o
                0x0000000008001698                TIM_ICInit
 .text.TIM_InternalClockConfig
                0x00000000080016fa        0xe build/stm32f4xx_tim.o
                0x00000000080016fa                TIM_InternalClockConfig
 .text.TIM_SelectInputTrigger
                0x0000000008001708        0xe build/stm32f4xx_tim.o
                0x0000000008001708                TIM_SelectInputTrigger
 .text.TIM_SelectSlaveMode
                0x0000000008001716       0x16 build/stm32f4xx_tim.o
                0x0000000008001716                TIM_SelectSlaveMode
 .text.USART_Init
                0x000000000800172c       0xcc build/stm32f4xx_usart.o
                0x000000000800172c                USART_Init
 .text.USART_Cmd
                0x00000000080017f8       0x1c build/stm32f4xx_usart.o
                0x00000000080017f8                USART_Cmd
 .text.USART_SendData
                0x0000000008001814        0x8 build/stm32f4xx_usart.o
                0x0000000008001814                USART_SendData
 .text.USART_GetFlagStatus
                0x000000000800181c        0xe build/stm32f4xx_usart.o
                0x000000000800181c                USART_GetFlagStatus
 *fill*         0x000000000800182a        0x2 
 .text.main     0x000000000800182c       0x7c build/main.o
                0x000000000800182c                main
 .text.TimingDelay_Decrement
                0x00000000080018a8       0x14 build/main.o
                0x00000000080018a8                TimingDelay_Decrement
 .text.NMI_Handler
                0x00000000080018bc        0x2 build/stm32f4xx_it.o
                0x00000000080018bc                NMI_Handler
 .text.HardFault_Handler
                0x00000000080018be        0x2 build/stm32f4xx_it.o
                0x00000000080018be                HardFault_Handler
 .text.MemManage_Handler
                0x00000000080018c0        0x2 build/stm32f4xx_it.o
                0x00000000080018c0                MemManage_Handler
 .text.BusFault_Handler
                0x00000000080018c2        0x2 build/stm32f4xx_it.o
                0x00000000080018c2                BusFault_Handler
 .text.UsageFault_Handler
                0x00000000080018c4        0x2 build/stm32f4xx_it.o
                0x00000000080018c4                UsageFault_Handler
 .text.SVC_Handler
                0x00000000080018c6        0x2 build/stm32f4xx_it.o
                0x00000000080018c6                SVC_Handler
 .text.DebugMon_Handler
                0x00000000080018c8        0x2 build/stm32f4xx_it.o
                0x00000000080018c8                DebugMon_Handler
 .text.PendSV_Handler
                0x00000000080018ca        0x2 build/stm32f4xx_it.o
                0x00000000080018ca                PendSV_Handler
 .text.SysTick_Handler
                0x00000000080018cc        0x8 build/stm32f4xx_it.o
                0x00000000080018cc                SysTick_Handler
 .text.ICTIM2CH1_2_Init
                0x00000000080018d4       0xcc build/Receiver.o
                0x00000000080018d4                ICTIM2CH1_2_Init
 .text.Delay_us
                0x00000000080019a0       0x2a build/Delay.o
                0x00000000080019a0                Delay_us
 *fill*         0x00000000080019ca        0x2 
 .text.MyI2C_W_SCL
                0x00000000080019cc       0x1c build/My_I2C.o
                0x00000000080019cc                MyI2C_W_SCL
 .text.MyI2C_W_SDA
                0x00000000080019e8       0x1c build/My_I2C.o
                0x00000000080019e8                MyI2C_W_SDA
 .text.MyI2C_R_SDA
                0x0000000008001a04       0x1c build/My_I2C.o
                0x0000000008001a04                MyI2C_R_SDA
 .text.MyI2C_Init
                0x0000000008001a20       0x3c build/My_I2C.o
                0x0000000008001a20                MyI2C_Init
 .text.MyI2C_Start
                0x0000000008001a5c       0x1c build/My_I2C.o
                0x0000000008001a5c                MyI2C_Start
 .text.MyI2C_Stop
                0x0000000008001a78       0x16 build/My_I2C.o
                0x0000000008001a78                MyI2C_Stop
 .text.MyI2C_SendByte
                0x0000000008001a8e       0x28 build/My_I2C.o
                0x0000000008001a8e                MyI2C_SendByte
 .text.MyI2C_ReceiveAck
                0x0000000008001ab6       0x1e build/My_I2C.o
                0x0000000008001ab6                MyI2C_ReceiveAck
 .text.Serial_Init
                0x0000000008001ad4       0x8c build/Serial.o
                0x0000000008001ad4                Serial_Init
 .text.Serial_SendByte
                0x0000000008001b60       0x1c build/Serial.o
                0x0000000008001b60                Serial_SendByte
 .text.Serial_SendString
                0x0000000008001b7c       0x18 build/Serial.o
                0x0000000008001b7c                Serial_SendString
 .text.Serial_Printf
                0x0000000008001b94       0x24 build/Serial.o
                0x0000000008001b94                Serial_Printf
 .text.I2C_WriteReg
                0x0000000008001bb8       0x30 build/gy86.o
                0x0000000008001bb8                I2C_WriteReg
 .text.HMC5883L_Init
                0x0000000008001be8       0x26 build/gy86.o
                0x0000000008001be8                HMC5883L_Init
 .text.MPU6000_Init
                0x0000000008001c0e       0x58 build/gy86.o
                0x0000000008001c0e                MPU6000_Init
 .text.GY86_Init
                0x0000000008001c66        0xc build/gy86.o
                0x0000000008001c66                GY86_Init
 *fill*         0x0000000008001c72        0x2 
 .text.PWM_Init
                0x0000000008001c74       0xfc build/PWM.o
                0x0000000008001c74                PWM_Init
 .text.PWM_SetDuty1
                0x0000000008001d70       0x14 build/PWM.o
                0x0000000008001d70                PWM_SetDuty1
 .text.PWM_SetDuty2
                0x0000000008001d84       0x14 build/PWM.o
                0x0000000008001d84                PWM_SetDuty2
 .text.PWM_SetDuty3
                0x0000000008001d98       0x14 build/PWM.o
                0x0000000008001d98                PWM_SetDuty3
 .text.PWM_SetDuty4
                0x0000000008001dac       0x14 build/PWM.o
                0x0000000008001dac                PWM_SetDuty4
 .text.Reset_Handler
                0x0000000008001dc0       0x50 build/startup_stm32f401xe.o
                0x0000000008001dc0                Reset_Handler
 .text.Default_Handler
                0x0000000008001e10        0x2 build/startup_stm32f401xe.o
                0x0000000008001e10                RTC_Alarm_IRQHandler
                0x0000000008001e10                EXTI2_IRQHandler
                0x0000000008001e10                SPI4_IRQHandler
                0x0000000008001e10                TIM1_CC_IRQHandler
                0x0000000008001e10                DMA2_Stream5_IRQHandler
                0x0000000008001e10                DMA1_Stream5_IRQHandler
                0x0000000008001e10                PVD_IRQHandler
                0x0000000008001e10                SDIO_IRQHandler
                0x0000000008001e10                TAMP_STAMP_IRQHandler
                0x0000000008001e10                EXTI3_IRQHandler
                0x0000000008001e10                TIM1_UP_TIM10_IRQHandler
                0x0000000008001e10                I2C3_ER_IRQHandler
                0x0000000008001e10                EXTI0_IRQHandler
                0x0000000008001e10                I2C2_EV_IRQHandler
                0x0000000008001e10                DMA1_Stream2_IRQHandler
                0x0000000008001e10                FPU_IRQHandler
                0x0000000008001e10                DMA2_Stream2_IRQHandler
                0x0000000008001e10                SPI1_IRQHandler
                0x0000000008001e10                TIM1_BRK_TIM9_IRQHandler
                0x0000000008001e10                DMA2_Stream3_IRQHandler
                0x0000000008001e10                USART6_IRQHandler
                0x0000000008001e10                DMA2_Stream0_IRQHandler
                0x0000000008001e10                TIM4_IRQHandler
                0x0000000008001e10                I2C1_EV_IRQHandler
                0x0000000008001e10                DMA1_Stream6_IRQHandler
                0x0000000008001e10                DMA1_Stream1_IRQHandler
                0x0000000008001e10                TIM3_IRQHandler
                0x0000000008001e10                RCC_IRQHandler
                0x0000000008001e10                Default_Handler
                0x0000000008001e10                EXTI15_10_IRQHandler
                0x0000000008001e10                ADC_IRQHandler
                0x0000000008001e10                DMA1_Stream7_IRQHandler
                0x0000000008001e10                TIM5_IRQHandler
                0x0000000008001e10                DMA2_Stream7_IRQHandler
                0x0000000008001e10                I2C3_EV_IRQHandler
                0x0000000008001e10                EXTI9_5_IRQHandler
                0x0000000008001e10                RTC_WKUP_IRQHandler
                0x0000000008001e10                SPI2_IRQHandler
                0x0000000008001e10                DMA1_Stream0_IRQHandler
                0x0000000008001e10                EXTI4_IRQHandler
                0x0000000008001e10                WWDG_IRQHandler
                0x0000000008001e10                TIM2_IRQHandler
                0x0000000008001e10                OTG_FS_WKUP_IRQHandler
                0x0000000008001e10                TIM1_TRG_COM_TIM11_IRQHandler
                0x0000000008001e10                EXTI1_IRQHandler
                0x0000000008001e10                USART2_IRQHandler
                0x0000000008001e10                I2C2_ER_IRQHandler
                0x0000000008001e10                DMA2_Stream1_IRQHandler
                0x0000000008001e10                FLASH_IRQHandler
                0x0000000008001e10                DMA2_Stream4_IRQHandler
                0x0000000008001e10                USART1_IRQHandler
                0x0000000008001e10                OTG_FS_IRQHandler
                0x0000000008001e10                SPI3_IRQHandler
                0x0000000008001e10                DMA1_Stream4_IRQHandler
                0x0000000008001e10                I2C1_ER_IRQHandler
                0x0000000008001e10                DMA2_Stream6_IRQHandler
                0x0000000008001e10                DMA1_Stream3_IRQHandler
 *(.glue_7)
 .glue_7        0x0000000008001e12        0x0 linker stubs
 *(.glue_7t)
 .glue_7t       0x0000000008001e12        0x0 linker stubs
 *(.eh_frame)
 *fill*         0x0000000008001e12        0x2 
 .eh_frame      0x0000000008001e14        0x0 /usr/lib/gcc/arm-none-eabi/12.2.1/thumb/v7e-m+fp/hard/crtbegin.o
 *(.init)
 .init          0x0000000008001e14        0x4 /usr/lib/gcc/arm-none-eabi/12.2.1/thumb/v7e-m+fp/hard/crti.o
                0x0000000008001e14                _init
 .init          0x0000000008001e18        0x8 /usr/lib/gcc/arm-none-eabi/12.2.1/thumb/v7e-m+fp/hard/crtn.o
 *(.fini)
 .fini          0x0000000008001e20        0x4 /usr/lib/gcc/arm-none-eabi/12.2.1/thumb/v7e-m+fp/hard/crti.o
                0x0000000008001e20                _fini
 .fini          0x0000000008001e24        0x8 /usr/lib/gcc/arm-none-eabi/12.2.1/thumb/v7e-m+fp/hard/crtn.o
                0x0000000008001e2c                . = ALIGN (0x4)
                0x0000000008001e2c                _etext = .

.vfp11_veneer   0x0000000008001e2c        0x0
 .vfp11_veneer  0x0000000008001e2c        0x0 linker stubs

.v4_bx          0x0000000008001e2c        0x0
 .v4_bx         0x0000000008001e2c        0x0 linker stubs

.iplt           0x0000000008001e2c        0x0
 .iplt          0x0000000008001e2c        0x0 /usr/lib/gcc/arm-none-eabi/12.2.1/thumb/v7e-m+fp/hard/crtbegin.o

.rodata         0x0000000008001e2c       0xa8
                0x0000000008001e2c                . = ALIGN (0x4)
 *(.rodata)
 .rodata        0x0000000008001e2c       0x60 /usr/lib/gcc/arm-none-eabi/12.2.1/../../../arm-none-eabi/lib/thumb/v7e-m+fp/hard/libc_nano.a(lib_a-findfp.o)
                0x0000000008001e2c                __sf_fake_stderr
                0x0000000008001e4c                __sf_fake_stdout
                0x0000000008001e6c                __sf_fake_stdin
 *(.rodata*)
 .rodata.main.str1.4
                0x0000000008001e8c        0xa build/main.o
 *fill*         0x0000000008001e96        0x2 
 .rodata.str1.4
                0x0000000008001e98       0x13 /usr/lib/gcc/arm-none-eabi/12.2.1/../../../arm-none-eabi/lib/thumb/v7e-m+fp/hard/libc_nano.a(lib_a-nano-svfprintf.o)
 *fill*         0x0000000008001eab        0x1 
 .rodata.str1.4
                0x0000000008001eac       0x25 /usr/lib/gcc/arm-none-eabi/12.2.1/../../../arm-none-eabi/lib/thumb/v7e-m+fp/hard/libc_nano.a(lib_a-nano-vfprintf_i.o)
                0x0000000008001ed4                . = ALIGN (0x4)
 *fill*         0x0000000008001ed1        0x3 

.rel.dyn        0x0000000008001ed4        0x0
 .rel.iplt      0x0000000008001ed4        0x0 /usr/lib/gcc/arm-none-eabi/12.2.1/thumb/v7e-m+fp/hard/crtbegin.o

.ARM.extab
 *(.ARM.extab* .gnu.linkonce.armextab.*)

.ARM            0x0000000008001ed4        0x0
                0x0000000008001ed4                __exidx_start = .
 *(.ARM.exidx*)
                0x0000000008001ed4                __exidx_end = .

.preinit_array  0x0000000008001ed4        0x0
                0x0000000008001ed4                PROVIDE (__preinit_array_start = .)
 *(.preinit_array*)
                0x0000000008001ed4                PROVIDE (__preinit_array_end = .)

.init_array     0x0000000008001ed4        0x4
                0x0000000008001ed4                PROVIDE (__init_array_start = .)
 *(SORT_BY_NAME(.init_array.*))
 *(.init_array*)
 .init_array    0x0000000008001ed4        0x4 /usr/lib/gcc/arm-none-eabi/12.2.1/thumb/v7e-m+fp/hard/crtbegin.o
                0x0000000008001ed8                PROVIDE (__init_array_end = .)

.fini_array     0x0000000008001ed8        0x4
                0x0000000008001ed8                PROVIDE (__fini_array_start = .)
 *(SORT_BY_NAME(.fini_array.*))
 *(.fini_array*)
 .fini_array    0x0000000008001ed8        0x4 /usr/lib/gcc/arm-none-eabi/12.2.1/thumb/v7e-m+fp/hard/crtbegin.o
                0x0000000008001edc                PROVIDE (__fini_array_end = .)
                0x0000000008001edc                _sidata = LOADADDR (.data)

.data           0x0000000020000000       0x74 load address 0x0000000008001edc
                0x0000000020000000                . = ALIGN (0x4)
                0x0000000020000000                _sdata = .
 *(.data)
 .data          0x0000000020000000       0x64 /usr/lib/gcc/arm-none-eabi/12.2.1/../../../arm-none-eabi/lib/thumb/v7e-m+fp/hard/libc_nano.a(lib_a-impure.o)
                0x0000000020000000                _impure_ptr
 *(.data*)
 .data.APBAHBPrescTable
                0x0000000020000064       0x10 build/stm32f4xx_rcc.o
                0x0000000020000074                . = ALIGN (0x4)
                0x0000000020000074                _edata = .

.tm_clone_table
                0x0000000020000074        0x0 load address 0x0000000008001f50
 .tm_clone_table
                0x0000000020000074        0x0 /usr/lib/gcc/arm-none-eabi/12.2.1/thumb/v7e-m+fp/hard/crtbegin.o
 .tm_clone_table
                0x0000000020000074        0x0 /usr/lib/gcc/arm-none-eabi/12.2.1/thumb/v7e-m+fp/hard/crtend.o

.igot.plt       0x0000000020000074        0x0 load address 0x0000000008001f50
 .igot.plt      0x0000000020000074        0x0 /usr/lib/gcc/arm-none-eabi/12.2.1/thumb/v7e-m+fp/hard/crtbegin.o
                0x0000000020000074                . = ALIGN (0x4)

.bss            0x0000000020000074       0x38 load address 0x0000000008001f50
                0x0000000020000074                _sbss = .
                0x0000000020000074                __bss_start__ = _sbss
 *(.bss)
 .bss           0x0000000020000074       0x1c /usr/lib/gcc/arm-none-eabi/12.2.1/thumb/v7e-m+fp/hard/crtbegin.o
 .bss           0x0000000020000090        0x8 /usr/lib/gcc/arm-none-eabi/12.2.1/../../../arm-none-eabi/lib/thumb/v7e-m+fp/hard/libc_nano.a(lib_a-nano-mallocr.o)
                0x0000000020000090                __malloc_free_list
                0x0000000020000094                __malloc_sbrk_start
 .bss           0x0000000020000098        0x4 /usr/lib/gcc/arm-none-eabi/12.2.1/../../../arm-none-eabi/lib/thumb/v7e-m+fp/hard/libc_nano.a(lib_a-reent.o)
                0x0000000020000098                errno
 .bss           0x000000002000009c        0x4 /usr/lib/gcc/arm-none-eabi/12.2.1/../../../arm-none-eabi/lib/thumb/v7e-m+fp/hard/libnosys.a(sbrk.o)
 *(.bss*)
 .bss.Duty      0x00000000200000a0        0x4 build/main.o
                0x00000000200000a0                Duty
 .bss.Data      0x00000000200000a4        0x4 build/main.o
                0x00000000200000a4                Data
 .bss.uwTimingDelay
                0x00000000200000a8        0x4 build/main.o
 *(COMMON)
                0x00000000200000ac                . = ALIGN (0x4)
                0x00000000200000ac                _ebss = .
                0x00000000200000ac                __bss_end__ = _ebss

._user_heap_stack
                0x00000000200000ac      0x604 load address 0x0000000008001f50
                0x00000000200000b0                . = ALIGN (0x8)
 *fill*         0x00000000200000ac        0x4 
                0x00000000200000b0                PROVIDE (end = .)
                [!provide]                        PROVIDE (_end = .)
                0x00000000200002b0                . = (. + _Min_Heap_Size)
 *fill*         0x00000000200000b0      0x200 
                0x00000000200006b0                . = (. + _Min_Stack_Size)
 *fill*         0x00000000200002b0      0x400 
                0x00000000200006b0                . = ALIGN (0x8)

/DISCARD/
 libc.a(*)
 libm.a(*)
 libgcc.a(*)

.ARM.attributes
                0x0000000000000000       0x30
 *(.ARM.attributes)
 .ARM.attributes
                0x0000000000000000       0x22 /usr/lib/gcc/arm-none-eabi/12.2.1/thumb/v7e-m+fp/hard/crti.o
 .ARM.attributes
                0x0000000000000022       0x34 /usr/lib/gcc/arm-none-eabi/12.2.1/thumb/v7e-m+fp/hard/crtbegin.o
 .ARM.attributes
                0x0000000000000056       0x34 build/system_stm32f4xx.o
 .ARM.attributes
                0x000000000000008a       0x34 build/stm32f4xx_gpio.o
 .ARM.attributes
                0x00000000000000be       0x34 build/stm32f4xx_rcc.o
 .ARM.attributes
                0x00000000000000f2       0x34 build/stm32f4xx_tim.o
 .ARM.attributes
                0x0000000000000126       0x34 build/stm32f4xx_usart.o
 .ARM.attributes
                0x000000000000015a       0x34 build/main.o
 .ARM.attributes
                0x000000000000018e       0x34 build/stm32f4xx_it.o
 .ARM.attributes
                0x00000000000001c2       0x34 build/Receiver.o
 .ARM.attributes
                0x00000000000001f6       0x34 build/Delay.o
 .ARM.attributes
                0x000000000000022a       0x34 build/My_I2C.o
 .ARM.attributes
                0x000000000000025e       0x34 build/Serial.o
 .ARM.attributes
                0x0000000000000292       0x34 build/gy86.o
 .ARM.attributes
                0x00000000000002c6       0x34 build/PWM.o
 .ARM.attributes
                0x00000000000002fa       0x21 build/startup_stm32f401xe.o
 .ARM.attributes
                0x000000000000031b       0x32 /usr/lib/gcc/arm-none-eabi/12.2.1/../../../arm-none-eabi/lib/thumb/v7e-m+fp/hard/libc_nano.a(lib_a-impure.o)
 .ARM.attributes
                0x000000000000034d       0x34 /usr/lib/gcc/arm-none-eabi/12.2.1/../../../arm-none-eabi/lib/thumb/v7e-m+fp/hard/libc_nano.a(lib_a-init.o)
 .ARM.attributes
                0x0000000000000381       0x34 /usr/lib/gcc/arm-none-eabi/12.2.1/../../../arm-none-eabi/lib/thumb/v7e-m+fp/hard/libc_nano.a(lib_a-vsprintf.o)
 .ARM.attributes
                0x00000000000003b5       0x34 /usr/lib/gcc/arm-none-eabi/12.2.1/../../../arm-none-eabi/lib/thumb/v7e-m+fp/hard/libc_nano.a(lib_a-findfp.o)
 .ARM.attributes
                0x00000000000003e9       0x34 /usr/lib/gcc/arm-none-eabi/12.2.1/../../../arm-none-eabi/lib/thumb/v7e-m+fp/hard/libc_nano.a(lib_a-nano-freer.o)
 .ARM.attributes
                0x000000000000041d       0x34 /usr/lib/gcc/arm-none-eabi/12.2.1/../../../arm-none-eabi/lib/thumb/v7e-m+fp/hard/libc_nano.a(lib_a-nano-mallocr.o)
 .ARM.attributes
                0x0000000000000451       0x34 /usr/lib/gcc/arm-none-eabi/12.2.1/../../../arm-none-eabi/lib/thumb/v7e-m+fp/hard/libc_nano.a(lib_a-nano-svfprintf.o)
 .ARM.attributes
                0x0000000000000485       0x34 /usr/lib/gcc/arm-none-eabi/12.2.1/../../../arm-none-eabi/lib/thumb/v7e-m+fp/hard/libc_nano.a(lib_a-nano-vfprintf_i.o)
 .ARM.attributes
                0x00000000000004b9       0x34 /usr/lib/gcc/arm-none-eabi/12.2.1/../../../arm-none-eabi/lib/thumb/v7e-m+fp/hard/libc_nano.a(lib_a-sbrkr.o)
 .ARM.attributes
                0x00000000000004ed       0x1c /usr/lib/gcc/arm-none-eabi/12.2.1/../../../arm-none-eabi/lib/thumb/v7e-m+fp/hard/libc_nano.a(lib_a-memchr.o)
 .ARM.attributes
                0x0000000000000509       0x1c /usr/lib/gcc/arm-none-eabi/12.2.1/../../../arm-none-eabi/lib/thumb/v7e-m+fp/hard/libc_nano.a(lib_a-memcpy.o)
 .ARM.attributes
                0x0000000000000525       0x34 /usr/lib/gcc/arm-none-eabi/12.2.1/../../../arm-none-eabi/lib/thumb/v7e-m+fp/hard/libc_nano.a(lib_a-memmove.o)
 .ARM.attributes
                0x0000000000000559       0x34 /usr/lib/gcc/arm-none-eabi/12.2.1/../../../arm-none-eabi/lib/thumb/v7e-m+fp/hard/libc_nano.a(lib_a-mlock.o)
 .ARM.attributes
                0x000000000000058d       0x34 /usr/lib/gcc/arm-none-eabi/12.2.1/../../../arm-none-eabi/lib/thumb/v7e-m+fp/hard/libc_nano.a(lib_a-nano-reallocr.o)
 .ARM.attributes
                0x00000000000005c1       0x34 /usr/lib/gcc/arm-none-eabi/12.2.1/../../../arm-none-eabi/lib/thumb/v7e-m+fp/hard/libc_nano.a(lib_a-reent.o)
 .ARM.attributes
                0x00000000000005f5       0x34 /usr/lib/gcc/arm-none-eabi/12.2.1/../../../arm-none-eabi/lib/thumb/v7e-m+fp/hard/libc_nano.a(lib_a-nano-msizer.o)
 .ARM.attributes
                0x0000000000000629       0x34 /usr/lib/gcc/arm-none-eabi/12.2.1/../../../arm-none-eabi/lib/thumb/v7e-m+fp/hard/libnosys.a(sbrk.o)
 .ARM.attributes
                0x000000000000065d       0x34 /usr/lib/gcc/arm-none-eabi/12.2.1/thumb/v7e-m+fp/hard/crtend.o
 .ARM.attributes
                0x0000000000000691       0x22 /usr/lib/gcc/arm-none-eabi/12.2.1/thumb/v7e-m+fp/hard/crtn.o
OUTPUT(build/QingNiao.elf elf32-littlearm)
LOAD linker stubs
LOAD /usr/lib/gcc/arm-none-eabi/12.2.1/../../../arm-none-eabi/lib/thumb/v7e-m+fp/hard/libc.a
LOAD /usr/lib/gcc/arm-none-eabi/12.2.1/../../../arm-none-eabi/lib/thumb/v7e-m+fp/hard/libm.a
LOAD /usr/lib/gcc/arm-none-eabi/12.2.1/thumb/v7e-m+fp/hard/libgcc.a

.comment        0x0000000000000000       0x59
 .comment       0x0000000000000000       0x26 /usr/lib/gcc/arm-none-eabi/12.2.1/thumb/v7e-m+fp/hard/crtbegin.o
                                         0x27 (size before relaxing)
 .comment       0x0000000000000026       0x27 build/system_stm32f4xx.o
 .comment       0x0000000000000026       0x27 build/stm32f4xx_gpio.o
 .comment       0x0000000000000026       0x27 build/stm32f4xx_rcc.o
 .comment       0x0000000000000026       0x27 build/stm32f4xx_tim.o
 .comment       0x0000000000000026       0x27 build/stm32f4xx_usart.o
 .comment       0x0000000000000026       0x27 build/main.o
 .comment       0x0000000000000026       0x27 build/stm32f4xx_it.o
 .comment       0x0000000000000026       0x27 build/Receiver.o
 .comment       0x0000000000000026       0x27 build/Delay.o
 .comment       0x0000000000000026       0x27 build/My_I2C.o
 .comment       0x0000000000000026       0x27 build/Serial.o
 .comment       0x0000000000000026       0x27 build/gy86.o
 .comment       0x0000000000000026       0x27 build/PWM.o
 .comment       0x0000000000000026       0x33 /usr/lib/gcc/arm-none-eabi/12.2.1/../../../arm-none-eabi/lib/thumb/v7e-m+fp/hard/libc_nano.a(lib_a-impure.o)
                                         0x34 (size before relaxing)
 .comment       0x0000000000000059       0x34 /usr/lib/gcc/arm-none-eabi/12.2.1/../../../arm-none-eabi/lib/thumb/v7e-m+fp/hard/libc_nano.a(lib_a-init.o)
 .comment       0x0000000000000059       0x34 /usr/lib/gcc/arm-none-eabi/12.2.1/../../../arm-none-eabi/lib/thumb/v7e-m+fp/hard/libc_nano.a(lib_a-vsprintf.o)
 .comment       0x0000000000000059       0x34 /usr/lib/gcc/arm-none-eabi/12.2.1/../../../arm-none-eabi/lib/thumb/v7e-m+fp/hard/libc_nano.a(lib_a-findfp.o)
 .comment       0x0000000000000059       0x34 /usr/lib/gcc/arm-none-eabi/12.2.1/../../../arm-none-eabi/lib/thumb/v7e-m+fp/hard/libc_nano.a(lib_a-nano-freer.o)
 .comment       0x0000000000000059       0x34 /usr/lib/gcc/arm-none-eabi/12.2.1/../../../arm-none-eabi/lib/thumb/v7e-m+fp/hard/libc_nano.a(lib_a-nano-mallocr.o)
 .comment       0x0000000000000059       0x34 /usr/lib/gcc/arm-none-eabi/12.2.1/../../../arm-none-eabi/lib/thumb/v7e-m+fp/hard/libc_nano.a(lib_a-nano-svfprintf.o)
 .comment       0x0000000000000059       0x34 /usr/lib/gcc/arm-none-eabi/12.2.1/../../../arm-none-eabi/lib/thumb/v7e-m+fp/hard/libc_nano.a(lib_a-nano-vfprintf_i.o)
 .comment       0x0000000000000059       0x34 /usr/lib/gcc/arm-none-eabi/12.2.1/../../../arm-none-eabi/lib/thumb/v7e-m+fp/hard/libc_nano.a(lib_a-sbrkr.o)
 .comment       0x0000000000000059       0x34 /usr/lib/gcc/arm-none-eabi/12.2.1/../../../arm-none-eabi/lib/thumb/v7e-m+fp/hard/libc_nano.a(lib_a-memmove.o)
 .comment       0x0000000000000059       0x34 /usr/lib/gcc/arm-none-eabi/12.2.1/../../../arm-none-eabi/lib/thumb/v7e-m+fp/hard/libc_nano.a(lib_a-mlock.o)
 .comment       0x0000000000000059       0x34 /usr/lib/gcc/arm-none-eabi/12.2.1/../../../arm-none-eabi/lib/thumb/v7e-m+fp/hard/libc_nano.a(lib_a-nano-reallocr.o)
 .comment       0x0000000000000059       0x34 /usr/lib/gcc/arm-none-eabi/12.2.1/../../../arm-none-eabi/lib/thumb/v7e-m+fp/hard/libc_nano.a(lib_a-reent.o)
 .comment       0x0000000000000059       0x34 /usr/lib/gcc/arm-none-eabi/12.2.1/../../../arm-none-eabi/lib/thumb/v7e-m+fp/hard/libc_nano.a(lib_a-nano-msizer.o)
 .comment       0x0000000000000059       0x34 /usr/lib/gcc/arm-none-eabi/12.2.1/../../../arm-none-eabi/lib/thumb/v7e-m+fp/hard/libnosys.a(sbrk.o)
 .comment       0x0000000000000059       0x27 /usr/lib/gcc/arm-none-eabi/12.2.1/thumb/v7e-m+fp/hard/crtend.o

.debug_info     0x0000000000000000    0x118d2
 .debug_info    0x0000000000000000      0x5c6 build/system_stm32f4xx.o
 .debug_info    0x00000000000005c6      0x8f9 build/stm32f4xx_gpio.o
 .debug_info    0x0000000000000ebf      0xf7b build/stm32f4xx_rcc.o
 .debug_info    0x0000000000001e3a     0x2646 build/stm32f4xx_tim.o
 .debug_info    0x0000000000004480      0xd3a build/stm32f4xx_usart.o
 .debug_info    0x00000000000051ba      0x519 build/main.o
 .debug_info    0x00000000000056d3      0x150 build/stm32f4xx_it.o
 .debug_info    0x0000000000005823      0xe9a build/Receiver.o
 .debug_info    0x00000000000066bd      0x18a build/Delay.o
 .debug_info    0x0000000000006847      0x784 build/My_I2C.o
 .debug_info    0x0000000000006fcb     0x11c6 build/Serial.o
 .debug_info    0x0000000000008191      0x84f build/gy86.o
 .debug_info    0x00000000000089e0      0xb89 build/PWM.o
 .debug_info    0x0000000000009569       0x30 build/startup_stm32f401xe.o
 .debug_info    0x0000000000009599      0x863 /usr/lib/gcc/arm-none-eabi/12.2.1/../../../arm-none-eabi/lib/thumb/v7e-m+fp/hard/libc_nano.a(lib_a-impure.o)
 .debug_info    0x0000000000009dfc      0x11a /usr/lib/gcc/arm-none-eabi/12.2.1/../../../arm-none-eabi/lib/thumb/v7e-m+fp/hard/libc_nano.a(lib_a-init.o)
 .debug_info    0x0000000000009f16      0x97e /usr/lib/gcc/arm-none-eabi/12.2.1/../../../arm-none-eabi/lib/thumb/v7e-m+fp/hard/libc_nano.a(lib_a-vsprintf.o)
 .debug_info    0x000000000000a894      0xfae /usr/lib/gcc/arm-none-eabi/12.2.1/../../../arm-none-eabi/lib/thumb/v7e-m+fp/hard/libc_nano.a(lib_a-findfp.o)
 .debug_info    0x000000000000b842      0x903 /usr/lib/gcc/arm-none-eabi/12.2.1/../../../arm-none-eabi/lib/thumb/v7e-m+fp/hard/libc_nano.a(lib_a-nano-freer.o)
 .debug_info    0x000000000000c145      0xa0c /usr/lib/gcc/arm-none-eabi/12.2.1/../../../arm-none-eabi/lib/thumb/v7e-m+fp/hard/libc_nano.a(lib_a-nano-mallocr.o)
 .debug_info    0x000000000000cb51     0x10d5 /usr/lib/gcc/arm-none-eabi/12.2.1/../../../arm-none-eabi/lib/thumb/v7e-m+fp/hard/libc_nano.a(lib_a-nano-svfprintf.o)
 .debug_info    0x000000000000dc26      0xe9e /usr/lib/gcc/arm-none-eabi/12.2.1/../../../arm-none-eabi/lib/thumb/v7e-m+fp/hard/libc_nano.a(lib_a-nano-vfprintf_i.o)
 .debug_info    0x000000000000eac4      0x828 /usr/lib/gcc/arm-none-eabi/12.2.1/../../../arm-none-eabi/lib/thumb/v7e-m+fp/hard/libc_nano.a(lib_a-sbrkr.o)
 .debug_info    0x000000000000f2ec       0x26 /usr/lib/gcc/arm-none-eabi/12.2.1/../../../arm-none-eabi/lib/thumb/v7e-m+fp/hard/libc_nano.a(lib_a-memchr.o)
 .debug_info    0x000000000000f312       0x26 /usr/lib/gcc/arm-none-eabi/12.2.1/../../../arm-none-eabi/lib/thumb/v7e-m+fp/hard/libc_nano.a(lib_a-memcpy.o)
 .debug_info    0x000000000000f338      0x152 /usr/lib/gcc/arm-none-eabi/12.2.1/../../../arm-none-eabi/lib/thumb/v7e-m+fp/hard/libc_nano.a(lib_a-memmove.o)
 .debug_info    0x000000000000f48a      0x7dc /usr/lib/gcc/arm-none-eabi/12.2.1/../../../arm-none-eabi/lib/thumb/v7e-m+fp/hard/libc_nano.a(lib_a-mlock.o)
 .debug_info    0x000000000000fc66      0x911 /usr/lib/gcc/arm-none-eabi/12.2.1/../../../arm-none-eabi/lib/thumb/v7e-m+fp/hard/libc_nano.a(lib_a-nano-reallocr.o)
 .debug_info    0x0000000000010577      0xa7e /usr/lib/gcc/arm-none-eabi/12.2.1/../../../arm-none-eabi/lib/thumb/v7e-m+fp/hard/libc_nano.a(lib_a-reent.o)
 .debug_info    0x0000000000010ff5      0x840 /usr/lib/gcc/arm-none-eabi/12.2.1/../../../arm-none-eabi/lib/thumb/v7e-m+fp/hard/libc_nano.a(lib_a-nano-msizer.o)
 .debug_info    0x0000000000011835       0x9d /usr/lib/gcc/arm-none-eabi/12.2.1/../../../arm-none-eabi/lib/thumb/v7e-m+fp/hard/libnosys.a(sbrk.o)

.debug_abbrev   0x0000000000000000     0x3316
 .debug_abbrev  0x0000000000000000      0x12e build/system_stm32f4xx.o
 .debug_abbrev  0x000000000000012e      0x26b build/stm32f4xx_gpio.o
 .debug_abbrev  0x0000000000000399      0x240 build/stm32f4xx_rcc.o
 .debug_abbrev  0x00000000000005d9      0x206 build/stm32f4xx_tim.o
 .debug_abbrev  0x00000000000007df      0x20e build/stm32f4xx_usart.o
 .debug_abbrev  0x00000000000009ed      0x17f build/main.o
 .debug_abbrev  0x0000000000000b6c       0x80 build/stm32f4xx_it.o
 .debug_abbrev  0x0000000000000bec      0x173 build/Receiver.o
 .debug_abbrev  0x0000000000000d5f       0xea build/Delay.o
 .debug_abbrev  0x0000000000000e49      0x204 build/My_I2C.o
 .debug_abbrev  0x000000000000104d      0x313 build/Serial.o
 .debug_abbrev  0x0000000000001360      0x144 build/gy86.o
 .debug_abbrev  0x00000000000014a4      0x187 build/PWM.o
 .debug_abbrev  0x000000000000162b       0x1d build/startup_stm32f401xe.o
 .debug_abbrev  0x0000000000001648      0x151 /usr/lib/gcc/arm-none-eabi/12.2.1/../../../arm-none-eabi/lib/thumb/v7e-m+fp/hard/libc_nano.a(lib_a-impure.o)
 .debug_abbrev  0x0000000000001799       0xcc /usr/lib/gcc/arm-none-eabi/12.2.1/../../../arm-none-eabi/lib/thumb/v7e-m+fp/hard/libc_nano.a(lib_a-init.o)
 .debug_abbrev  0x0000000000001865      0x244 /usr/lib/gcc/arm-none-eabi/12.2.1/../../../arm-none-eabi/lib/thumb/v7e-m+fp/hard/libc_nano.a(lib_a-vsprintf.o)
 .debug_abbrev  0x0000000000001aa9      0x3cd /usr/lib/gcc/arm-none-eabi/12.2.1/../../../arm-none-eabi/lib/thumb/v7e-m+fp/hard/libc_nano.a(lib_a-findfp.o)
 .debug_abbrev  0x0000000000001e76      0x235 /usr/lib/gcc/arm-none-eabi/12.2.1/../../../arm-none-eabi/lib/thumb/v7e-m+fp/hard/libc_nano.a(lib_a-nano-freer.o)
 .debug_abbrev  0x00000000000020ab      0x290 /usr/lib/gcc/arm-none-eabi/12.2.1/../../../arm-none-eabi/lib/thumb/v7e-m+fp/hard/libc_nano.a(lib_a-nano-mallocr.o)
 .debug_abbrev  0x000000000000233b      0x2ca /usr/lib/gcc/arm-none-eabi/12.2.1/../../../arm-none-eabi/lib/thumb/v7e-m+fp/hard/libc_nano.a(lib_a-nano-svfprintf.o)
 .debug_abbrev  0x0000000000002605      0x25c /usr/lib/gcc/arm-none-eabi/12.2.1/../../../arm-none-eabi/lib/thumb/v7e-m+fp/hard/libc_nano.a(lib_a-nano-vfprintf_i.o)
 .debug_abbrev  0x0000000000002861      0x1d6 /usr/lib/gcc/arm-none-eabi/12.2.1/../../../arm-none-eabi/lib/thumb/v7e-m+fp/hard/libc_nano.a(lib_a-sbrkr.o)
 .debug_abbrev  0x0000000000002a37       0x14 /usr/lib/gcc/arm-none-eabi/12.2.1/../../../arm-none-eabi/lib/thumb/v7e-m+fp/hard/libc_nano.a(lib_a-memchr.o)
 .debug_abbrev  0x0000000000002a4b       0x14 /usr/lib/gcc/arm-none-eabi/12.2.1/../../../arm-none-eabi/lib/thumb/v7e-m+fp/hard/libc_nano.a(lib_a-memcpy.o)
 .debug_abbrev  0x0000000000002a5f       0xc0 /usr/lib/gcc/arm-none-eabi/12.2.1/../../../arm-none-eabi/lib/thumb/v7e-m+fp/hard/libc_nano.a(lib_a-memmove.o)
 .debug_abbrev  0x0000000000002b1f      0x189 /usr/lib/gcc/arm-none-eabi/12.2.1/../../../arm-none-eabi/lib/thumb/v7e-m+fp/hard/libc_nano.a(lib_a-mlock.o)
 .debug_abbrev  0x0000000000002ca8      0x1d6 /usr/lib/gcc/arm-none-eabi/12.2.1/../../../arm-none-eabi/lib/thumb/v7e-m+fp/hard/libc_nano.a(lib_a-nano-reallocr.o)
 .debug_abbrev  0x0000000000002e7e      0x265 /usr/lib/gcc/arm-none-eabi/12.2.1/../../../arm-none-eabi/lib/thumb/v7e-m+fp/hard/libc_nano.a(lib_a-reent.o)
 .debug_abbrev  0x00000000000030e3      0x191 /usr/lib/gcc/arm-none-eabi/12.2.1/../../../arm-none-eabi/lib/thumb/v7e-m+fp/hard/libc_nano.a(lib_a-nano-msizer.o)
 .debug_abbrev  0x0000000000003274       0xa2 /usr/lib/gcc/arm-none-eabi/12.2.1/../../../arm-none-eabi/lib/thumb/v7e-m+fp/hard/libnosys.a(sbrk.o)

.debug_loc      0x0000000000000000     0x5fd9
 .debug_loc     0x0000000000000000      0x158 build/system_stm32f4xx.o
 .debug_loc     0x0000000000000158      0x505 build/stm32f4xx_gpio.o
 .debug_loc     0x000000000000065d      0x78b build/stm32f4xx_rcc.o
 .debug_loc     0x0000000000000de8     0x1a72 build/stm32f4xx_tim.o
 .debug_loc     0x000000000000285a      0x8f4 build/stm32f4xx_usart.o
 .debug_loc     0x000000000000314e       0x20 build/main.o
 .debug_loc     0x000000000000316e       0x20 build/stm32f4xx_it.o
 .debug_loc     0x000000000000318e      0x11b build/Receiver.o
 .debug_loc     0x00000000000032a9       0xdd build/Delay.o
 .debug_loc     0x0000000000003386      0x2a6 build/My_I2C.o
 .debug_loc     0x000000000000362c      0x24a build/Serial.o
 .debug_loc     0x0000000000003876      0x45e build/gy86.o
 .debug_loc     0x0000000000003cd4      0x14d build/PWM.o
 .debug_loc     0x0000000000003e21       0xba /usr/lib/gcc/arm-none-eabi/12.2.1/../../../arm-none-eabi/lib/thumb/v7e-m+fp/hard/libc_nano.a(lib_a-init.o)
 .debug_loc     0x0000000000003edb      0x1cb /usr/lib/gcc/arm-none-eabi/12.2.1/../../../arm-none-eabi/lib/thumb/v7e-m+fp/hard/libc_nano.a(lib_a-vsprintf.o)
 .debug_loc     0x00000000000040a6      0x3d9 /usr/lib/gcc/arm-none-eabi/12.2.1/../../../arm-none-eabi/lib/thumb/v7e-m+fp/hard/libc_nano.a(lib_a-findfp.o)
 .debug_loc     0x000000000000447f      0x203 /usr/lib/gcc/arm-none-eabi/12.2.1/../../../arm-none-eabi/lib/thumb/v7e-m+fp/hard/libc_nano.a(lib_a-nano-freer.o)
 .debug_loc     0x0000000000004682      0x3cd /usr/lib/gcc/arm-none-eabi/12.2.1/../../../arm-none-eabi/lib/thumb/v7e-m+fp/hard/libc_nano.a(lib_a-nano-mallocr.o)
 .debug_loc     0x0000000000004a4f      0x82e /usr/lib/gcc/arm-none-eabi/12.2.1/../../../arm-none-eabi/lib/thumb/v7e-m+fp/hard/libc_nano.a(lib_a-nano-svfprintf.o)
 .debug_loc     0x000000000000527d      0x5dd /usr/lib/gcc/arm-none-eabi/12.2.1/../../../arm-none-eabi/lib/thumb/v7e-m+fp/hard/libc_nano.a(lib_a-nano-vfprintf_i.o)
 .debug_loc     0x000000000000585a       0x6c /usr/lib/gcc/arm-none-eabi/12.2.1/../../../arm-none-eabi/lib/thumb/v7e-m+fp/hard/libc_nano.a(lib_a-sbrkr.o)
 .debug_loc     0x00000000000058c6      0x34f /usr/lib/gcc/arm-none-eabi/12.2.1/../../../arm-none-eabi/lib/thumb/v7e-m+fp/hard/libc_nano.a(lib_a-memmove.o)
 .debug_loc     0x0000000000005c15      0x133 /usr/lib/gcc/arm-none-eabi/12.2.1/../../../arm-none-eabi/lib/thumb/v7e-m+fp/hard/libc_nano.a(lib_a-nano-reallocr.o)
 .debug_loc     0x0000000000005d48      0x1cd /usr/lib/gcc/arm-none-eabi/12.2.1/../../../arm-none-eabi/lib/thumb/v7e-m+fp/hard/libc_nano.a(lib_a-reent.o)
 .debug_loc     0x0000000000005f15       0x86 /usr/lib/gcc/arm-none-eabi/12.2.1/../../../arm-none-eabi/lib/thumb/v7e-m+fp/hard/libc_nano.a(lib_a-nano-msizer.o)
 .debug_loc     0x0000000000005f9b       0x3e /usr/lib/gcc/arm-none-eabi/12.2.1/../../../arm-none-eabi/lib/thumb/v7e-m+fp/hard/libnosys.a(sbrk.o)

.debug_aranges  0x0000000000000000      0xac8
 .debug_aranges
                0x0000000000000000       0x28 build/system_stm32f4xx.o
 .debug_aranges
                0x0000000000000028       0x88 build/stm32f4xx_gpio.o
 .debug_aranges
                0x00000000000000b0      0x198 build/stm32f4xx_rcc.o
 .debug_aranges
                0x0000000000000248      0x2f8 build/stm32f4xx_tim.o
 .debug_aranges
                0x0000000000000540      0x100 build/stm32f4xx_usart.o
 .debug_aranges
                0x0000000000000640       0x28 build/main.o
 .debug_aranges
                0x0000000000000668       0x60 build/stm32f4xx_it.o
 .debug_aranges
                0x00000000000006c8       0x40 build/Receiver.o
 .debug_aranges
                0x0000000000000708       0x30 build/Delay.o
 .debug_aranges
                0x0000000000000738       0x68 build/My_I2C.o
 .debug_aranges
                0x00000000000007a0       0x48 build/Serial.o
 .debug_aranges
                0x00000000000007e8       0x60 build/gy86.o
 .debug_aranges
                0x0000000000000848       0x40 build/PWM.o
 .debug_aranges
                0x0000000000000888       0x28 build/startup_stm32f401xe.o
 .debug_aranges
                0x00000000000008b0       0x18 /usr/lib/gcc/arm-none-eabi/12.2.1/../../../arm-none-eabi/lib/thumb/v7e-m+fp/hard/libc_nano.a(lib_a-impure.o)
 .debug_aranges
                0x00000000000008c8       0x20 /usr/lib/gcc/arm-none-eabi/12.2.1/../../../arm-none-eabi/lib/thumb/v7e-m+fp/hard/libc_nano.a(lib_a-init.o)
 .debug_aranges
                0x00000000000008e8       0x20 /usr/lib/gcc/arm-none-eabi/12.2.1/../../../arm-none-eabi/lib/thumb/v7e-m+fp/hard/libc_nano.a(lib_a-vsprintf.o)
 .debug_aranges
                0x0000000000000908       0x20 /usr/lib/gcc/arm-none-eabi/12.2.1/../../../arm-none-eabi/lib/thumb/v7e-m+fp/hard/libc_nano.a(lib_a-findfp.o)
 .debug_aranges
                0x0000000000000928       0x20 /usr/lib/gcc/arm-none-eabi/12.2.1/../../../arm-none-eabi/lib/thumb/v7e-m+fp/hard/libc_nano.a(lib_a-nano-freer.o)
 .debug_aranges
                0x0000000000000948       0x20 /usr/lib/gcc/arm-none-eabi/12.2.1/../../../arm-none-eabi/lib/thumb/v7e-m+fp/hard/libc_nano.a(lib_a-nano-mallocr.o)
 .debug_aranges
                0x0000000000000968       0x20 /usr/lib/gcc/arm-none-eabi/12.2.1/../../../arm-none-eabi/lib/thumb/v7e-m+fp/hard/libc_nano.a(lib_a-nano-svfprintf.o)
 .debug_aranges
                0x0000000000000988       0x20 /usr/lib/gcc/arm-none-eabi/12.2.1/../../../arm-none-eabi/lib/thumb/v7e-m+fp/hard/libc_nano.a(lib_a-nano-vfprintf_i.o)
 .debug_aranges
                0x00000000000009a8       0x20 /usr/lib/gcc/arm-none-eabi/12.2.1/../../../arm-none-eabi/lib/thumb/v7e-m+fp/hard/libc_nano.a(lib_a-sbrkr.o)
 .debug_aranges
                0x00000000000009c8       0x20 /usr/lib/gcc/arm-none-eabi/12.2.1/../../../arm-none-eabi/lib/thumb/v7e-m+fp/hard/libc_nano.a(lib_a-memchr.o)
 .debug_aranges
                0x00000000000009e8       0x20 /usr/lib/gcc/arm-none-eabi/12.2.1/../../../arm-none-eabi/lib/thumb/v7e-m+fp/hard/libc_nano.a(lib_a-memcpy.o)
 .debug_aranges
                0x0000000000000a08       0x20 /usr/lib/gcc/arm-none-eabi/12.2.1/../../../arm-none-eabi/lib/thumb/v7e-m+fp/hard/libc_nano.a(lib_a-memmove.o)
 .debug_aranges
                0x0000000000000a28       0x20 /usr/lib/gcc/arm-none-eabi/12.2.1/../../../arm-none-eabi/lib/thumb/v7e-m+fp/hard/libc_nano.a(lib_a-mlock.o)
 .debug_aranges
                0x0000000000000a48       0x20 /usr/lib/gcc/arm-none-eabi/12.2.1/../../../arm-none-eabi/lib/thumb/v7e-m+fp/hard/libc_nano.a(lib_a-nano-reallocr.o)
 .debug_aranges
                0x0000000000000a68       0x20 /usr/lib/gcc/arm-none-eabi/12.2.1/../../../arm-none-eabi/lib/thumb/v7e-m+fp/hard/libc_nano.a(lib_a-reent.o)
 .debug_aranges
                0x0000000000000a88       0x20 /usr/lib/gcc/arm-none-eabi/12.2.1/../../../arm-none-eabi/lib/thumb/v7e-m+fp/hard/libc_nano.a(lib_a-nano-msizer.o)
 .debug_aranges
                0x0000000000000aa8       0x20 /usr/lib/gcc/arm-none-eabi/12.2.1/../../../arm-none-eabi/lib/thumb/v7e-m+fp/hard/libnosys.a(sbrk.o)

.debug_ranges   0x0000000000000000      0x9f0
 .debug_ranges  0x0000000000000000       0x18 build/system_stm32f4xx.o
 .debug_ranges  0x0000000000000018       0x78 build/stm32f4xx_gpio.o
 .debug_ranges  0x0000000000000090      0x188 build/stm32f4xx_rcc.o
 .debug_ranges  0x0000000000000218      0x2e8 build/stm32f4xx_tim.o
 .debug_ranges  0x0000000000000500       0xf0 build/stm32f4xx_usart.o
 .debug_ranges  0x00000000000005f0       0x18 build/main.o
 .debug_ranges  0x0000000000000608       0x50 build/stm32f4xx_it.o
 .debug_ranges  0x0000000000000658       0x30 build/Receiver.o
 .debug_ranges  0x0000000000000688       0x20 build/Delay.o
 .debug_ranges  0x00000000000006a8       0x58 build/My_I2C.o
 .debug_ranges  0x0000000000000700       0x38 build/Serial.o
 .debug_ranges  0x0000000000000738       0x50 build/gy86.o
 .debug_ranges  0x0000000000000788       0x30 build/PWM.o
 .debug_ranges  0x00000000000007b8       0x20 build/startup_stm32f401xe.o
 .debug_ranges  0x00000000000007d8       0x18 /usr/lib/gcc/arm-none-eabi/12.2.1/../../../arm-none-eabi/lib/thumb/v7e-m+fp/hard/libc_nano.a(lib_a-vsprintf.o)
 .debug_ranges  0x00000000000007f0       0xc8 /usr/lib/gcc/arm-none-eabi/12.2.1/../../../arm-none-eabi/lib/thumb/v7e-m+fp/hard/libc_nano.a(lib_a-findfp.o)
 .debug_ranges  0x00000000000008b8       0x20 /usr/lib/gcc/arm-none-eabi/12.2.1/../../../arm-none-eabi/lib/thumb/v7e-m+fp/hard/libc_nano.a(lib_a-nano-freer.o)
 .debug_ranges  0x00000000000008d8       0x38 /usr/lib/gcc/arm-none-eabi/12.2.1/../../../arm-none-eabi/lib/thumb/v7e-m+fp/hard/libc_nano.a(lib_a-nano-mallocr.o)
 .debug_ranges  0x0000000000000910       0x40 /usr/lib/gcc/arm-none-eabi/12.2.1/../../../arm-none-eabi/lib/thumb/v7e-m+fp/hard/libc_nano.a(lib_a-nano-svfprintf.o)
 .debug_ranges  0x0000000000000950       0xa0 /usr/lib/gcc/arm-none-eabi/12.2.1/../../../arm-none-eabi/lib/thumb/v7e-m+fp/hard/libc_nano.a(lib_a-nano-vfprintf_i.o)

.debug_line     0x0000000000000000     0x7090
 .debug_line    0x0000000000000000      0x186 build/system_stm32f4xx.o
 .debug_line    0x0000000000000186      0x475 build/stm32f4xx_gpio.o
 .debug_line    0x00000000000005fb      0xac3 build/stm32f4xx_rcc.o
 .debug_line    0x00000000000010be     0x18a7 build/stm32f4xx_tim.o
 .debug_line    0x0000000000002965      0x874 build/stm32f4xx_usart.o
 .debug_line    0x00000000000031d9      0x19c build/main.o
 .debug_line    0x0000000000003375      0x137 build/stm32f4xx_it.o
 .debug_line    0x00000000000034ac      0x546 build/Receiver.o
 .debug_line    0x00000000000039f2      0x12d build/Delay.o
 .debug_line    0x0000000000003b1f      0x29d build/My_I2C.o
 .debug_line    0x0000000000003dbc      0x2bd build/Serial.o
 .debug_line    0x0000000000004079      0x27d build/gy86.o
 .debug_line    0x00000000000042f6      0x1ed build/PWM.o
 .debug_line    0x00000000000044e3       0x76 build/startup_stm32f401xe.o
 .debug_line    0x0000000000004559       0xe4 /usr/lib/gcc/arm-none-eabi/12.2.1/../../../arm-none-eabi/lib/thumb/v7e-m+fp/hard/libc_nano.a(lib_a-impure.o)
 .debug_line    0x000000000000463d      0x138 /usr/lib/gcc/arm-none-eabi/12.2.1/../../../arm-none-eabi/lib/thumb/v7e-m+fp/hard/libc_nano.a(lib_a-init.o)
 .debug_line    0x0000000000004775      0x202 /usr/lib/gcc/arm-none-eabi/12.2.1/../../../arm-none-eabi/lib/thumb/v7e-m+fp/hard/libc_nano.a(lib_a-vsprintf.o)
 .debug_line    0x0000000000004977      0x589 /usr/lib/gcc/arm-none-eabi/12.2.1/../../../arm-none-eabi/lib/thumb/v7e-m+fp/hard/libc_nano.a(lib_a-findfp.o)
 .debug_line    0x0000000000004f00      0x2ca /usr/lib/gcc/arm-none-eabi/12.2.1/../../../arm-none-eabi/lib/thumb/v7e-m+fp/hard/libc_nano.a(lib_a-nano-freer.o)
 .debug_line    0x00000000000051ca      0x2d0 /usr/lib/gcc/arm-none-eabi/12.2.1/../../../arm-none-eabi/lib/thumb/v7e-m+fp/hard/libc_nano.a(lib_a-nano-mallocr.o)
 .debug_line    0x000000000000549a      0x83a /usr/lib/gcc/arm-none-eabi/12.2.1/../../../arm-none-eabi/lib/thumb/v7e-m+fp/hard/libc_nano.a(lib_a-nano-svfprintf.o)
 .debug_line    0x0000000000005cd4      0x746 /usr/lib/gcc/arm-none-eabi/12.2.1/../../../arm-none-eabi/lib/thumb/v7e-m+fp/hard/libc_nano.a(lib_a-nano-vfprintf_i.o)
 .debug_line    0x000000000000641a      0x183 /usr/lib/gcc/arm-none-eabi/12.2.1/../../../arm-none-eabi/lib/thumb/v7e-m+fp/hard/libc_nano.a(lib_a-sbrkr.o)
 .debug_line    0x000000000000659d       0xa4 /usr/lib/gcc/arm-none-eabi/12.2.1/../../../arm-none-eabi/lib/thumb/v7e-m+fp/hard/libc_nano.a(lib_a-memchr.o)
 .debug_line    0x0000000000006641       0xbe /usr/lib/gcc/arm-none-eabi/12.2.1/../../../arm-none-eabi/lib/thumb/v7e-m+fp/hard/libc_nano.a(lib_a-memcpy.o)
 .debug_line    0x00000000000066ff      0x1ee /usr/lib/gcc/arm-none-eabi/12.2.1/../../../arm-none-eabi/lib/thumb/v7e-m+fp/hard/libc_nano.a(lib_a-memmove.o)
 .debug_line    0x00000000000068ed      0x13e /usr/lib/gcc/arm-none-eabi/12.2.1/../../../arm-none-eabi/lib/thumb/v7e-m+fp/hard/libc_nano.a(lib_a-mlock.o)
 .debug_line    0x0000000000006a2b      0x1c5 /usr/lib/gcc/arm-none-eabi/12.2.1/../../../arm-none-eabi/lib/thumb/v7e-m+fp/hard/libc_nano.a(lib_a-nano-reallocr.o)
 .debug_line    0x0000000000006bf0      0x2c7 /usr/lib/gcc/arm-none-eabi/12.2.1/../../../arm-none-eabi/lib/thumb/v7e-m+fp/hard/libc_nano.a(lib_a-reent.o)
 .debug_line    0x0000000000006eb7      0x160 /usr/lib/gcc/arm-none-eabi/12.2.1/../../../arm-none-eabi/lib/thumb/v7e-m+fp/hard/libc_nano.a(lib_a-nano-msizer.o)
 .debug_line    0x0000000000007017       0x79 /usr/lib/gcc/arm-none-eabi/12.2.1/../../../arm-none-eabi/lib/thumb/v7e-m+fp/hard/libnosys.a(sbrk.o)

.debug_str      0x0000000000000000     0x30f0
 .debug_str     0x0000000000000000      0x314 build/system_stm32f4xx.o
                                        0x35b (size before relaxing)
 .debug_str     0x0000000000000314      0x338 build/stm32f4xx_gpio.o
                                        0x49c (size before relaxing)
 .debug_str     0x000000000000064c      0x5ca build/stm32f4xx_rcc.o
                                        0x8e8 (size before relaxing)
 .debug_str     0x0000000000000c16      0xb5a build/stm32f4xx_tim.o
                                        0xdda (size before relaxing)
 .debug_str     0x0000000000001770      0x408 build/stm32f4xx_usart.o
                                        0x6ab (size before relaxing)
 .debug_str     0x0000000000001b78       0xae build/main.o
                                        0x37a (size before relaxing)
 .debug_str     0x0000000000001c26       0xa6 build/stm32f4xx_it.o
                                        0x20f (size before relaxing)
 .debug_str     0x0000000000001ccc       0x9b build/Receiver.o
                                        0x6c9 (size before relaxing)
 .debug_str     0x0000000000001d67       0x4a build/Delay.o
                                        0x1a6 (size before relaxing)
 .debug_str     0x0000000000001db1       0xaa build/My_I2C.o
                                        0x440 (size before relaxing)
 .debug_str     0x0000000000001e5b      0x3fe build/Serial.o
                                        0x918 (size before relaxing)
 .debug_str     0x0000000000002259       0xe6 build/gy86.o
                                        0x2ba (size before relaxing)
 .debug_str     0x000000000000233f       0x19 build/PWM.o
                                        0x6cd (size before relaxing)
 .debug_str     0x0000000000002358       0x30 build/startup_stm32f401xe.o
                                         0x64 (size before relaxing)
 .debug_str     0x0000000000002388      0x17e /usr/lib/gcc/arm-none-eabi/12.2.1/../../../arm-none-eabi/lib/thumb/v7e-m+fp/hard/libc_nano.a(lib_a-impure.o)
                                        0x55e (size before relaxing)
 .debug_str     0x0000000000002506       0xf0 /usr/lib/gcc/arm-none-eabi/12.2.1/../../../arm-none-eabi/lib/thumb/v7e-m+fp/hard/libc_nano.a(lib_a-init.o)
                                        0x20b (size before relaxing)
 .debug_str     0x00000000000025f6       0xaf /usr/lib/gcc/arm-none-eabi/12.2.1/../../../arm-none-eabi/lib/thumb/v7e-m+fp/hard/libc_nano.a(lib_a-vsprintf.o)
                                        0x54f (size before relaxing)
 .debug_str     0x00000000000026a5      0x1f0 /usr/lib/gcc/arm-none-eabi/12.2.1/../../../arm-none-eabi/lib/thumb/v7e-m+fp/hard/libc_nano.a(lib_a-findfp.o)
                                        0x737 (size before relaxing)
 .debug_str     0x0000000000002895      0x11e /usr/lib/gcc/arm-none-eabi/12.2.1/../../../arm-none-eabi/lib/thumb/v7e-m+fp/hard/libc_nano.a(lib_a-nano-freer.o)
                                        0x595 (size before relaxing)
 .debug_str     0x00000000000029b3       0x46 /usr/lib/gcc/arm-none-eabi/12.2.1/../../../arm-none-eabi/lib/thumb/v7e-m+fp/hard/libc_nano.a(lib_a-nano-mallocr.o)
                                        0x5c0 (size before relaxing)
 .debug_str     0x00000000000029f9      0x28e /usr/lib/gcc/arm-none-eabi/12.2.1/../../../arm-none-eabi/lib/thumb/v7e-m+fp/hard/libc_nano.a(lib_a-nano-svfprintf.o)
                                        0x855 (size before relaxing)
 .debug_str     0x0000000000002c87       0x94 /usr/lib/gcc/arm-none-eabi/12.2.1/../../../arm-none-eabi/lib/thumb/v7e-m+fp/hard/libc_nano.a(lib_a-nano-vfprintf_i.o)
                                        0x7ec (size before relaxing)
 .debug_str     0x0000000000002d1b       0x47 /usr/lib/gcc/arm-none-eabi/12.2.1/../../../arm-none-eabi/lib/thumb/v7e-m+fp/hard/libc_nano.a(lib_a-sbrkr.o)
                                        0x516 (size before relaxing)
 .debug_str     0x0000000000002d62       0xaf /usr/lib/gcc/arm-none-eabi/12.2.1/../../../arm-none-eabi/lib/thumb/v7e-m+fp/hard/libc_nano.a(lib_a-memchr.o)
 .debug_str     0x0000000000002e11       0x43 /usr/lib/gcc/arm-none-eabi/12.2.1/../../../arm-none-eabi/lib/thumb/v7e-m+fp/hard/libc_nano.a(lib_a-memcpy.o)
                                         0xb6 (size before relaxing)
 .debug_str     0x0000000000002e54       0xc8 /usr/lib/gcc/arm-none-eabi/12.2.1/../../../arm-none-eabi/lib/thumb/v7e-m+fp/hard/libc_nano.a(lib_a-memmove.o)
                                        0x1df (size before relaxing)
 .debug_str     0x0000000000002f1c       0x4c /usr/lib/gcc/arm-none-eabi/12.2.1/../../../arm-none-eabi/lib/thumb/v7e-m+fp/hard/libc_nano.a(lib_a-mlock.o)
                                        0x52c (size before relaxing)
 .debug_str     0x0000000000002f68       0x23 /usr/lib/gcc/arm-none-eabi/12.2.1/../../../arm-none-eabi/lib/thumb/v7e-m+fp/hard/libc_nano.a(lib_a-nano-reallocr.o)
                                        0x57f (size before relaxing)
 .debug_str     0x0000000000002f8b       0x5e /usr/lib/gcc/arm-none-eabi/12.2.1/../../../arm-none-eabi/lib/thumb/v7e-m+fp/hard/libc_nano.a(lib_a-reent.o)
                                        0x53e (size before relaxing)
 .debug_str     0x0000000000002fe9        0xf /usr/lib/gcc/arm-none-eabi/12.2.1/../../../arm-none-eabi/lib/thumb/v7e-m+fp/hard/libc_nano.a(lib_a-nano-msizer.o)
                                        0x55d (size before relaxing)
 .debug_str     0x0000000000002ff8       0xf8 /usr/lib/gcc/arm-none-eabi/12.2.1/../../../arm-none-eabi/lib/thumb/v7e-m+fp/hard/libnosys.a(sbrk.o)
                                        0x111 (size before relaxing)

.debug_frame    0x0000000000000000     0x170c
 .debug_frame   0x0000000000000000       0x30 build/system_stm32f4xx.o
 .debug_frame   0x0000000000000030      0x11c build/stm32f4xx_gpio.o
 .debug_frame   0x000000000000014c      0x328 build/stm32f4xx_rcc.o
 .debug_frame   0x0000000000000474      0x674 build/stm32f4xx_tim.o
 .debug_frame   0x0000000000000ae8      0x204 build/stm32f4xx_usart.o
 .debug_frame   0x0000000000000cec       0x38 build/main.o
 .debug_frame   0x0000000000000d24       0xa8 build/stm32f4xx_it.o
 .debug_frame   0x0000000000000dcc       0xd0 build/Receiver.o
 .debug_frame   0x0000000000000e9c       0x50 build/Delay.o
 .debug_frame   0x0000000000000eec      0x110 build/My_I2C.o
 .debug_frame   0x0000000000000ffc       0xcc build/Serial.o
 .debug_frame   0x00000000000010c8      0x100 build/gy86.o
 .debug_frame   0x00000000000011c8       0x94 build/PWM.o
 .debug_frame   0x000000000000125c       0x2c /usr/lib/gcc/arm-none-eabi/12.2.1/../../../arm-none-eabi/lib/thumb/v7e-m+fp/hard/libc_nano.a(lib_a-init.o)
 .debug_frame   0x0000000000001288       0x54 /usr/lib/gcc/arm-none-eabi/12.2.1/../../../arm-none-eabi/lib/thumb/v7e-m+fp/hard/libc_nano.a(lib_a-vsprintf.o)
 .debug_frame   0x00000000000012dc      0x124 /usr/lib/gcc/arm-none-eabi/12.2.1/../../../arm-none-eabi/lib/thumb/v7e-m+fp/hard/libc_nano.a(lib_a-findfp.o)
 .debug_frame   0x0000000000001400       0x54 /usr/lib/gcc/arm-none-eabi/12.2.1/../../../arm-none-eabi/lib/thumb/v7e-m+fp/hard/libc_nano.a(lib_a-nano-freer.o)
 .debug_frame   0x0000000000001454       0x30 /usr/lib/gcc/arm-none-eabi/12.2.1/../../../arm-none-eabi/lib/thumb/v7e-m+fp/hard/libc_nano.a(lib_a-nano-mallocr.o)
 .debug_frame   0x0000000000001484       0x98 /usr/lib/gcc/arm-none-eabi/12.2.1/../../../arm-none-eabi/lib/thumb/v7e-m+fp/hard/libc_nano.a(lib_a-nano-svfprintf.o)
 .debug_frame   0x000000000000151c       0x6c /usr/lib/gcc/arm-none-eabi/12.2.1/../../../arm-none-eabi/lib/thumb/v7e-m+fp/hard/libc_nano.a(lib_a-nano-vfprintf_i.o)
 .debug_frame   0x0000000000001588       0x2c /usr/lib/gcc/arm-none-eabi/12.2.1/../../../arm-none-eabi/lib/thumb/v7e-m+fp/hard/libc_nano.a(lib_a-sbrkr.o)
 .debug_frame   0x00000000000015b4       0x40 /usr/lib/gcc/arm-none-eabi/12.2.1/../../../arm-none-eabi/lib/thumb/v7e-m+fp/hard/libc_nano.a(lib_a-memmove.o)
 .debug_frame   0x00000000000015f4       0x30 /usr/lib/gcc/arm-none-eabi/12.2.1/../../../arm-none-eabi/lib/thumb/v7e-m+fp/hard/libc_nano.a(lib_a-mlock.o)
 .debug_frame   0x0000000000001624       0x38 /usr/lib/gcc/arm-none-eabi/12.2.1/../../../arm-none-eabi/lib/thumb/v7e-m+fp/hard/libc_nano.a(lib_a-nano-reallocr.o)
 .debug_frame   0x000000000000165c       0x70 /usr/lib/gcc/arm-none-eabi/12.2.1/../../../arm-none-eabi/lib/thumb/v7e-m+fp/hard/libc_nano.a(lib_a-reent.o)
 .debug_frame   0x00000000000016cc       0x20 /usr/lib/gcc/arm-none-eabi/12.2.1/../../../arm-none-eabi/lib/thumb/v7e-m+fp/hard/libc_nano.a(lib_a-nano-msizer.o)
 .debug_frame   0x00000000000016ec       0x20 /usr/lib/gcc/arm-none-eabi/12.2.1/../../../arm-none-eabi/lib/thumb/v7e-m+fp/hard/libnosys.a(sbrk.o)

.stabstr        0x0000000000000000      0x14d
 .stabstr       0x0000000000000000      0x14d /usr/lib/gcc/arm-none-eabi/12.2.1/../../../arm-none-eabi/lib/thumb/v7e-m+fp/hard/libnosys.a(close.o)

Cross Reference Table

Symbol                                            File
ADC_AnalogWatchdogCmd                             build/stm32f4xx_adc.o
ADC_AnalogWatchdogSingleChannelConfig             build/stm32f4xx_adc.o
ADC_AnalogWatchdogThresholdsConfig                build/stm32f4xx_adc.o
ADC_AutoInjectedConvCmd                           build/stm32f4xx_adc.o
ADC_ClearFlag                                     build/stm32f4xx_adc.o
ADC_ClearITPendingBit                             build/stm32f4xx_adc.o
ADC_Cmd                                           build/stm32f4xx_adc.o
ADC_CommonInit                                    build/stm32f4xx_adc.o
ADC_CommonStructInit                              build/stm32f4xx_adc.o
ADC_ContinuousModeCmd                             build/stm32f4xx_adc.o
ADC_DMACmd                                        build/stm32f4xx_adc.o
ADC_DMARequestAfterLastTransferCmd                build/stm32f4xx_adc.o
ADC_DeInit                                        build/stm32f4xx_adc.o
ADC_DiscModeChannelCountConfig                    build/stm32f4xx_adc.o
ADC_DiscModeCmd                                   build/stm32f4xx_adc.o
ADC_EOCOnEachRegularChannelCmd                    build/stm32f4xx_adc.o
ADC_ExternalTrigInjectedConvConfig                build/stm32f4xx_adc.o
ADC_ExternalTrigInjectedConvEdgeConfig            build/stm32f4xx_adc.o
ADC_GetConversionValue                            build/stm32f4xx_adc.o
ADC_GetFlagStatus                                 build/stm32f4xx_adc.o
ADC_GetITStatus                                   build/stm32f4xx_adc.o
ADC_GetInjectedConversionValue                    build/stm32f4xx_adc.o
ADC_GetMultiModeConversionValue                   build/stm32f4xx_adc.o
ADC_GetSoftwareStartConvStatus                    build/stm32f4xx_adc.o
ADC_GetSoftwareStartInjectedConvCmdStatus         build/stm32f4xx_adc.o
ADC_IRQHandler                                    build/startup_stm32f401xe.o
ADC_ITConfig                                      build/stm32f4xx_adc.o
ADC_Init                                          build/stm32f4xx_adc.o
ADC_InjectedChannelConfig                         build/stm32f4xx_adc.o
ADC_InjectedDiscModeCmd                           build/stm32f4xx_adc.o
ADC_InjectedSequencerLengthConfig                 build/stm32f4xx_adc.o
ADC_MultiModeDMARequestAfterLastTransferCmd       build/stm32f4xx_adc.o
ADC_RegularChannelConfig                          build/stm32f4xx_adc.o
ADC_SetInjectedOffset                             build/stm32f4xx_adc.o
ADC_SoftwareStartConv                             build/stm32f4xx_adc.o
ADC_SoftwareStartInjectedConv                     build/stm32f4xx_adc.o
ADC_StructInit                                    build/stm32f4xx_adc.o
ADC_TempSensorVrefintCmd                          build/stm32f4xx_adc.o
ADC_VBATCmd                                       build/stm32f4xx_adc.o
AHBPrescTable                                     build/system_stm32f4xx.o
APBPrescTable                                     build/system_stm32f4xx.o
BusFault_Handler                                  build/stm32f4xx_it.o
CAN_CancelTransmit                                build/stm32f4xx_can.o
CAN_ClearFlag                                     build/stm32f4xx_can.o
CAN_ClearITPendingBit                             build/stm32f4xx_can.o
CAN_DBGFreeze                                     build/stm32f4xx_can.o
CAN_DeInit                                        build/stm32f4xx_can.o
CAN_FIFORelease                                   build/stm32f4xx_can.o
CAN_FilterInit                                    build/stm32f4xx_can.o
CAN_GetFlagStatus                                 build/stm32f4xx_can.o
CAN_GetITStatus                                   build/stm32f4xx_can.o
CAN_GetLSBTransmitErrorCounter                    build/stm32f4xx_can.o
CAN_GetLastErrorCode                              build/stm32f4xx_can.o
CAN_GetReceiveErrorCounter                        build/stm32f4xx_can.o
CAN_ITConfig                                      build/stm32f4xx_can.o
CAN_Init                                          build/stm32f4xx_can.o
CAN_MessagePending                                build/stm32f4xx_can.o
CAN_OperatingModeRequest                          build/stm32f4xx_can.o
CAN_Receive                                       build/stm32f4xx_can.o
CAN_SlaveStartBank                                build/stm32f4xx_can.o
CAN_Sleep                                         build/stm32f4xx_can.o
CAN_StructInit                                    build/stm32f4xx_can.o
CAN_TTComModeCmd                                  build/stm32f4xx_can.o
CAN_Transmit                                      build/stm32f4xx_can.o
CAN_TransmitStatus                                build/stm32f4xx_can.o
CAN_WakeUp                                        build/stm32f4xx_can.o
CRC_CalcBlockCRC                                  build/stm32f4xx_crc.o
CRC_CalcCRC                                       build/stm32f4xx_crc.o
CRC_GetCRC                                        build/stm32f4xx_crc.o
CRC_GetIDRegister                                 build/stm32f4xx_crc.o
CRC_ResetDR                                       build/stm32f4xx_crc.o
CRC_SetIDRegister                                 build/stm32f4xx_crc.o
CRYP_AES_CBC                                      build/stm32f4xx_cryp_aes.o
CRYP_AES_CCM                                      build/stm32f4xx_cryp_aes.o
CRYP_AES_CTR                                      build/stm32f4xx_cryp_aes.o
CRYP_AES_ECB                                      build/stm32f4xx_cryp_aes.o
CRYP_AES_GCM                                      build/stm32f4xx_cryp_aes.o
CRYP_Cmd                                          build/stm32f4xx_cryp.o
                                                  build/stm32f4xx_cryp_des.o
                                                  build/stm32f4xx_cryp_tdes.o
                                                  build/stm32f4xx_cryp_aes.o
CRYP_DES_CBC                                      build/stm32f4xx_cryp_des.o
CRYP_DES_ECB                                      build/stm32f4xx_cryp_des.o
CRYP_DMACmd                                       build/stm32f4xx_cryp.o
CRYP_DataIn                                       build/stm32f4xx_cryp.o
                                                  build/stm32f4xx_cryp_des.o
                                                  build/stm32f4xx_cryp_tdes.o
                                                  build/stm32f4xx_cryp_aes.o
CRYP_DataOut                                      build/stm32f4xx_cryp.o
                                                  build/stm32f4xx_cryp_des.o
                                                  build/stm32f4xx_cryp_tdes.o
                                                  build/stm32f4xx_cryp_aes.o
CRYP_DeInit                                       build/stm32f4xx_cryp.o
CRYP_FIFOFlush                                    build/stm32f4xx_cryp.o
                                                  build/stm32f4xx_cryp_des.o
                                                  build/stm32f4xx_cryp_tdes.o
                                                  build/stm32f4xx_cryp_aes.o
CRYP_GetCmdStatus                                 build/stm32f4xx_cryp.o
                                                  build/stm32f4xx_cryp_des.o
                                                  build/stm32f4xx_cryp_tdes.o
                                                  build/stm32f4xx_cryp_aes.o
CRYP_GetFlagStatus                                build/stm32f4xx_cryp.o
                                                  build/stm32f4xx_cryp_des.o
                                                  build/stm32f4xx_cryp_tdes.o
                                                  build/stm32f4xx_cryp_aes.o
CRYP_GetITStatus                                  build/stm32f4xx_cryp.o
CRYP_ITConfig                                     build/stm32f4xx_cryp.o
CRYP_IVInit                                       build/stm32f4xx_cryp.o
                                                  build/stm32f4xx_cryp_des.o
                                                  build/stm32f4xx_cryp_tdes.o
                                                  build/stm32f4xx_cryp_aes.o
CRYP_IVStructInit                                 build/stm32f4xx_cryp.o
CRYP_Init                                         build/stm32f4xx_cryp.o
                                                  build/stm32f4xx_cryp_des.o
                                                  build/stm32f4xx_cryp_tdes.o
                                                  build/stm32f4xx_cryp_aes.o
CRYP_KeyInit                                      build/stm32f4xx_cryp.o
                                                  build/stm32f4xx_cryp_des.o
                                                  build/stm32f4xx_cryp_tdes.o
                                                  build/stm32f4xx_cryp_aes.o
CRYP_KeyStructInit                                build/stm32f4xx_cryp.o
                                                  build/stm32f4xx_cryp_des.o
                                                  build/stm32f4xx_cryp_tdes.o
                                                  build/stm32f4xx_cryp_aes.o
CRYP_PhaseConfig                                  build/stm32f4xx_cryp.o
                                                  build/stm32f4xx_cryp_aes.o
CRYP_RestoreContext                               build/stm32f4xx_cryp.o
CRYP_SaveContext                                  build/stm32f4xx_cryp.o
CRYP_StructInit                                   build/stm32f4xx_cryp.o
CRYP_TDES_CBC                                     build/stm32f4xx_cryp_tdes.o
CRYP_TDES_ECB                                     build/stm32f4xx_cryp_tdes.o
DAC_ClearFlag                                     build/stm32f4xx_dac.o
DAC_ClearITPendingBit                             build/stm32f4xx_dac.o
DAC_Cmd                                           build/stm32f4xx_dac.o
DAC_DMACmd                                        build/stm32f4xx_dac.o
DAC_DeInit                                        build/stm32f4xx_dac.o
DAC_DualSoftwareTriggerCmd                        build/stm32f4xx_dac.o
DAC_GetDataOutputValue                            build/stm32f4xx_dac.o
DAC_GetFlagStatus                                 build/stm32f4xx_dac.o
DAC_GetITStatus                                   build/stm32f4xx_dac.o
DAC_ITConfig                                      build/stm32f4xx_dac.o
DAC_Init                                          build/stm32f4xx_dac.o
DAC_SetChannel1Data                               build/stm32f4xx_dac.o
DAC_SetChannel2Data                               build/stm32f4xx_dac.o
DAC_SetDualChannelData                            build/stm32f4xx_dac.o
DAC_SoftwareTriggerCmd                            build/stm32f4xx_dac.o
DAC_StructInit                                    build/stm32f4xx_dac.o
DAC_WaveGenerationCmd                             build/stm32f4xx_dac.o
DBGMCU_APB1PeriphConfig                           build/stm32f4xx_dbgmcu.o
DBGMCU_APB2PeriphConfig                           build/stm32f4xx_dbgmcu.o
DBGMCU_Config                                     build/stm32f4xx_dbgmcu.o
DBGMCU_GetDEVID                                   build/stm32f4xx_dbgmcu.o
DBGMCU_GetREVID                                   build/stm32f4xx_dbgmcu.o
DCMI_CROPCmd                                      build/stm32f4xx_dcmi.o
DCMI_CROPConfig                                   build/stm32f4xx_dcmi.o
DCMI_CaptureCmd                                   build/stm32f4xx_dcmi.o
DCMI_ClearFlag                                    build/stm32f4xx_dcmi.o
DCMI_ClearITPendingBit                            build/stm32f4xx_dcmi.o
DCMI_Cmd                                          build/stm32f4xx_dcmi.o
DCMI_DeInit                                       build/stm32f4xx_dcmi.o
DCMI_GetFlagStatus                                build/stm32f4xx_dcmi.o
DCMI_GetITStatus                                  build/stm32f4xx_dcmi.o
DCMI_ITConfig                                     build/stm32f4xx_dcmi.o
DCMI_Init                                         build/stm32f4xx_dcmi.o
DCMI_JPEGCmd                                      build/stm32f4xx_dcmi.o
DCMI_ReadData                                     build/stm32f4xx_dcmi.o
DCMI_SetEmbeddedSynchroCodes                      build/stm32f4xx_dcmi.o
DCMI_StructInit                                   build/stm32f4xx_dcmi.o
DMA1_Stream0_IRQHandler                           build/startup_stm32f401xe.o
DMA1_Stream1_IRQHandler                           build/startup_stm32f401xe.o
DMA1_Stream2_IRQHandler                           build/startup_stm32f401xe.o
DMA1_Stream3_IRQHandler                           build/startup_stm32f401xe.o
DMA1_Stream4_IRQHandler                           build/startup_stm32f401xe.o
DMA1_Stream5_IRQHandler                           build/startup_stm32f401xe.o
DMA1_Stream6_IRQHandler                           build/startup_stm32f401xe.o
DMA1_Stream7_IRQHandler                           build/startup_stm32f401xe.o
DMA2D_AbortTransfer                               build/stm32f4xx_dma2d.o
DMA2D_BGConfig                                    build/stm32f4xx_dma2d.o
DMA2D_BGStart                                     build/stm32f4xx_dma2d.o
DMA2D_BG_StructInit                               build/stm32f4xx_dma2d.o
DMA2D_ClearFlag                                   build/stm32f4xx_dma2d.o
DMA2D_ClearITPendingBit                           build/stm32f4xx_dma2d.o
DMA2D_DeInit                                      build/stm32f4xx_dma2d.o
DMA2D_DeadTimeConfig                              build/stm32f4xx_dma2d.o
DMA2D_FGConfig                                    build/stm32f4xx_dma2d.o
DMA2D_FGStart                                     build/stm32f4xx_dma2d.o
DMA2D_FG_StructInit                               build/stm32f4xx_dma2d.o
DMA2D_GetFlagStatus                               build/stm32f4xx_dma2d.o
DMA2D_GetITStatus                                 build/stm32f4xx_dma2d.o
DMA2D_ITConfig                                    build/stm32f4xx_dma2d.o
DMA2D_Init                                        build/stm32f4xx_dma2d.o
DMA2D_LineWatermarkConfig                         build/stm32f4xx_dma2d.o
DMA2D_StartTransfer                               build/stm32f4xx_dma2d.o
DMA2D_StructInit                                  build/stm32f4xx_dma2d.o
DMA2D_Suspend                                     build/stm32f4xx_dma2d.o
DMA2_Stream0_IRQHandler                           build/startup_stm32f401xe.o
DMA2_Stream1_IRQHandler                           build/startup_stm32f401xe.o
DMA2_Stream2_IRQHandler                           build/startup_stm32f401xe.o
DMA2_Stream3_IRQHandler                           build/startup_stm32f401xe.o
DMA2_Stream4_IRQHandler                           build/startup_stm32f401xe.o
DMA2_Stream5_IRQHandler                           build/startup_stm32f401xe.o
DMA2_Stream6_IRQHandler                           build/startup_stm32f401xe.o
DMA2_Stream7_IRQHandler                           build/startup_stm32f401xe.o
DMA_ClearFlag                                     build/stm32f4xx_dma.o
DMA_ClearITPendingBit                             build/stm32f4xx_dma.o
DMA_Cmd                                           build/stm32f4xx_dma.o
DMA_DeInit                                        build/stm32f4xx_dma.o
DMA_DoubleBufferModeCmd                           build/stm32f4xx_dma.o
DMA_DoubleBufferModeConfig                        build/stm32f4xx_dma.o
DMA_FlowControllerConfig                          build/stm32f4xx_dma.o
DMA_GetCmdStatus                                  build/stm32f4xx_dma.o
DMA_GetCurrDataCounter                            build/stm32f4xx_dma.o
DMA_GetCurrentMemoryTarget                        build/stm32f4xx_dma.o
DMA_GetFIFOStatus                                 build/stm32f4xx_dma.o
DMA_GetFlagStatus                                 build/stm32f4xx_dma.o
DMA_GetITStatus                                   build/stm32f4xx_dma.o
DMA_ITConfig                                      build/stm32f4xx_dma.o
DMA_Init                                          build/stm32f4xx_dma.o
DMA_MemoryTargetConfig                            build/stm32f4xx_dma.o
DMA_PeriphIncOffsetSizeConfig                     build/stm32f4xx_dma.o
DMA_SetCurrDataCounter                            build/stm32f4xx_dma.o
DMA_StructInit                                    build/stm32f4xx_dma.o
Data                                              build/main.o
DebugMon_Handler                                  build/stm32f4xx_it.o
Default_Handler                                   build/startup_stm32f401xe.o
Delay_ms                                          build/Delay.o
Delay_s                                           build/Delay.o
Delay_us                                          build/Delay.o
                                                  build/My_I2C.o
Duty                                              build/main.o
EXTI0_IRQHandler                                  build/startup_stm32f401xe.o
EXTI15_10_IRQHandler                              build/startup_stm32f401xe.o
EXTI1_IRQHandler                                  build/startup_stm32f401xe.o
EXTI2_IRQHandler                                  build/startup_stm32f401xe.o
EXTI3_IRQHandler                                  build/startup_stm32f401xe.o
EXTI4_IRQHandler                                  build/startup_stm32f401xe.o
EXTI9_5_IRQHandler                                build/startup_stm32f401xe.o
EXTI_ClearFlag                                    build/stm32f4xx_exti.o
EXTI_ClearITPendingBit                            build/stm32f4xx_exti.o
EXTI_DeInit                                       build/stm32f4xx_exti.o
EXTI_GenerateSWInterrupt                          build/stm32f4xx_exti.o
EXTI_GetFlagStatus                                build/stm32f4xx_exti.o
EXTI_GetITStatus                                  build/stm32f4xx_exti.o
EXTI_Init                                         build/stm32f4xx_exti.o
EXTI_StructInit                                   build/stm32f4xx_exti.o
FLASH_ClearFlag                                   build/stm32f4xx_flash.o
FLASH_DataCacheCmd                                build/stm32f4xx_flash.o
FLASH_DataCacheReset                              build/stm32f4xx_flash.o
FLASH_EraseAllBank1Sectors                        build/stm32f4xx_flash.o
FLASH_EraseAllBank2Sectors                        build/stm32f4xx_flash.o
FLASH_EraseAllSectors                             build/stm32f4xx_flash.o
FLASH_EraseSector                                 build/stm32f4xx_flash.o
FLASH_FlashInterfaceCmd                           build/stm32f4xx_flash_ramfunc.o
FLASH_FlashSleepModeCmd                           build/stm32f4xx_flash_ramfunc.o
FLASH_GetFlagStatus                               build/stm32f4xx_flash.o
FLASH_GetStatus                                   build/stm32f4xx_flash.o
FLASH_IRQHandler                                  build/startup_stm32f401xe.o
FLASH_ITConfig                                    build/stm32f4xx_flash.o
FLASH_InstructionCacheCmd                         build/stm32f4xx_flash.o
FLASH_InstructionCacheReset                       build/stm32f4xx_flash.o
FLASH_Lock                                        build/stm32f4xx_flash.o
FLASH_OB_BORConfig                                build/stm32f4xx_flash.o
FLASH_OB_BootConfig                               build/stm32f4xx_flash.o
FLASH_OB_GetBOR                                   build/stm32f4xx_flash.o
FLASH_OB_GetPCROP                                 build/stm32f4xx_flash.o
FLASH_OB_GetPCROP1                                build/stm32f4xx_flash.o
FLASH_OB_GetRDP                                   build/stm32f4xx_flash.o
FLASH_OB_GetUser                                  build/stm32f4xx_flash.o
FLASH_OB_GetWRP                                   build/stm32f4xx_flash.o
FLASH_OB_GetWRP1                                  build/stm32f4xx_flash.o
FLASH_OB_Launch                                   build/stm32f4xx_flash.o
FLASH_OB_Lock                                     build/stm32f4xx_flash.o
FLASH_OB_PCROP1Config                             build/stm32f4xx_flash.o
FLASH_OB_PCROPConfig                              build/stm32f4xx_flash.o
FLASH_OB_PCROPSelectionConfig                     build/stm32f4xx_flash.o
FLASH_OB_RDPConfig                                build/stm32f4xx_flash.o
FLASH_OB_Unlock                                   build/stm32f4xx_flash.o
FLASH_OB_UserConfig                               build/stm32f4xx_flash.o
FLASH_OB_WRP1Config                               build/stm32f4xx_flash.o
FLASH_OB_WRPConfig                                build/stm32f4xx_flash.o
FLASH_PrefetchBufferCmd                           build/stm32f4xx_flash.o
FLASH_ProgramByte                                 build/stm32f4xx_flash.o
FLASH_ProgramDoubleWord                           build/stm32f4xx_flash.o
FLASH_ProgramHalfWord                             build/stm32f4xx_flash.o
FLASH_ProgramWord                                 build/stm32f4xx_flash.o
FLASH_SetLatency                                  build/stm32f4xx_flash.o
FLASH_Unlock                                      build/stm32f4xx_flash.o
FLASH_WaitForLastOperation                        build/stm32f4xx_flash.o
FPU_IRQHandler                                    build/startup_stm32f401xe.o
GPIO_DeInit                                       build/stm32f4xx_gpio.o
GPIO_Init                                         build/stm32f4xx_gpio.o
                                                  build/PWM.o
                                                  build/Serial.o
                                                  build/My_I2C.o
                                                  build/TTL_USB.o
                                                  build/Receiver.o
GPIO_PinAFConfig                                  build/stm32f4xx_gpio.o
                                                  build/PWM.o
                                                  build/Serial.o
                                                  build/TTL_USB.o
                                                  build/Receiver.o
GPIO_PinLockConfig                                build/stm32f4xx_gpio.o
GPIO_ReadInputData                                build/stm32f4xx_gpio.o
GPIO_ReadInputDataBit                             build/stm32f4xx_gpio.o
                                                  build/My_I2C.o
GPIO_ReadOutputData                               build/stm32f4xx_gpio.o
GPIO_ReadOutputDataBit                            build/stm32f4xx_gpio.o
GPIO_ResetBits                                    build/stm32f4xx_gpio.o
GPIO_SetBits                                      build/stm32f4xx_gpio.o
                                                  build/My_I2C.o
GPIO_StructInit                                   build/stm32f4xx_gpio.o
GPIO_ToggleBits                                   build/stm32f4xx_gpio.o
GPIO_Write                                        build/stm32f4xx_gpio.o
GPIO_WriteBit                                     build/stm32f4xx_gpio.o
                                                  build/My_I2C.o
GY86_Init                                         build/gy86.o
                                                  build/main.o
HASH_AutoStartDigest                              build/stm32f4xx_hash.o
HASH_ClearFlag                                    build/stm32f4xx_hash.o
HASH_ClearITPendingBit                            build/stm32f4xx_hash.o
HASH_DMACmd                                       build/stm32f4xx_hash.o
HASH_DataIn                                       build/stm32f4xx_hash.o
                                                  build/stm32f4xx_hash_sha1.o
                                                  build/stm32f4xx_hash_md5.o
HASH_DeInit                                       build/stm32f4xx_hash.o
                                                  build/stm32f4xx_hash_sha1.o
                                                  build/stm32f4xx_hash_md5.o
HASH_GetDigest                                    build/stm32f4xx_hash.o
                                                  build/stm32f4xx_hash_sha1.o
                                                  build/stm32f4xx_hash_md5.o
HASH_GetFlagStatus                                build/stm32f4xx_hash.o
                                                  build/stm32f4xx_hash_sha1.o
                                                  build/stm32f4xx_hash_md5.o
HASH_GetITStatus                                  build/stm32f4xx_hash.o
HASH_GetInFIFOWordsNbr                            build/stm32f4xx_hash.o
HASH_ITConfig                                     build/stm32f4xx_hash.o
HASH_Init                                         build/stm32f4xx_hash.o
                                                  build/stm32f4xx_hash_sha1.o
                                                  build/stm32f4xx_hash_md5.o
HASH_MD5                                          build/stm32f4xx_hash_md5.o
HASH_Reset                                        build/stm32f4xx_hash.o
HASH_RestoreContext                               build/stm32f4xx_hash.o
HASH_SHA1                                         build/stm32f4xx_hash_sha1.o
HASH_SaveContext                                  build/stm32f4xx_hash.o
HASH_SetLastWordValidBitsNbr                      build/stm32f4xx_hash.o
                                                  build/stm32f4xx_hash_sha1.o
                                                  build/stm32f4xx_hash_md5.o
HASH_StartDigest                                  build/stm32f4xx_hash.o
                                                  build/stm32f4xx_hash_sha1.o
                                                  build/stm32f4xx_hash_md5.o
HASH_StructInit                                   build/stm32f4xx_hash.o
HMAC_MD5                                          build/stm32f4xx_hash_md5.o
HMAC_SHA1                                         build/stm32f4xx_hash_sha1.o
HMC5883L_GetData                                  build/gy86.o
HMC5883L_GetState                                 build/gy86.o
HMC5883L_Init                                     build/gy86.o
HMC_ReadMa                                        build/GaussNewton.o
HardFault_Handler                                 build/stm32f4xx_it.o
I2C1_ER_IRQHandler                                build/startup_stm32f401xe.o
I2C1_EV_IRQHandler                                build/startup_stm32f401xe.o
I2C2_ER_IRQHandler                                build/startup_stm32f401xe.o
I2C2_EV_IRQHandler                                build/startup_stm32f401xe.o
I2C3_ER_IRQHandler                                build/startup_stm32f401xe.o
I2C3_EV_IRQHandler                                build/startup_stm32f401xe.o